mamaylm-gemma-3-12b-it-v2.0 · 01 «гуляю з собаками в парку, вітер, яскраво хочу одягатись, по-» · 15.2 с · JSON так
   модель: {"місце": "парк", "година": 12, "темп_c": 18, "реєстр_людини": ["романтичний"], "бажання": ["зручно", "по-дівчачому", "ніжно", "у світлих тонах", "джинси кльош"], "вето": {"кольори": ["темні"]}, "настрій": ["веселий", "енергійний"], "прикраси": "без прикрас", "мета": "експресія", "намір": "comfort_first"}
   код:    {"місце": "парк", "година": 11, "темп_c": 18, "реєстр_людини": ["романтичний"], "бажання": ["зручно", "по-дівчачому", "ніжно", "у світлих тонах", "джинси кльош"], "вето": {"кольори": ["темні"]}, "настрій": ["веселий", "енергійний"], "мета": "експресія", "намір": "comfort_first"} · відповідь_людині: Зрозуміла! Збираю зручний і романтичний денний лук у світлих тонах з твоїми джинсами кльош.
mamaylm-gemma-3-12b-it-v2.0 · 02 «робочий день в офісі, дрес-код business casual, без підборів» · 9.7 с · JSON так
   модель: {"нагода": "робота", "місце": "офіс_корпоративний", "година": 13, "темп_c": 18, "реєстр_людини": ["класика"], "настрій": ["діловий"], "намір": "context_optimal"}
   код:    {"нагода": "робота", "година": 11, "темп_c": 18, "настрій": ["діловий"], "намір": "context_optimal"} · відповідь_людині: Зрозуміла, що тобі потрібен діловий образ у стилі business casual. Чи хотіла б ти додати якісь прикраси або макіяж?
mamaylm-gemma-3-12b-it-v2.0 · 03 «смужку? ні, клітинку хочу» · 12.0 с · JSON так
   модель: {"нагода": "прогулянка", "місце": "надворі", "година": 13, "темп_c": 18, "реєстр_людини": ["романтичний"], "вето": {"принти": ["смужку"]}, "настрій": ["ніжно", "по-дівчачому"], "намір": "comfort_first"}
   код:    {"нагода": "прогулянка", "година": 11, "темп_c": 18, "вето": {"принти": ["смужку"]}, "настрій": ["ніжно", "по-дівчачому"], "намір": "comfort_first"} · відповідь_людині: Зрозуміла, що хочеться зручності та ніжності. А ще клітинку замість смужки! Можеш розповісти про місце прогулянки?
mamaylm-gemma-3-12b-it-v2.0 · 04 «хочу смужку» · 11.5 с · JSON так
   модель: {"година": 9, "темп_c": 18, "реєстр_людини": ["романтичний"], "бажання": ["смужку"], "настрій": ["ніжно", "по-дівчачому"], "намір": "conventional"}
   код:    {"година": 11, "темп_c": 18, "бажання": ["смужку"], "настрій": ["ніжно", "по-дівчачому"], "намір": "conventional"} · відповідь_людині: Зрозуміла, що хочеш романтичний образ зі смужкою. Чи є якась особлива нагода, для якої ти обираєш цей образ? Який формат заходу — в приміщенні чи надворі?
mamaylm-gemma-3-12b-it-v2.0 · 05 «люблю смужку. ні» · 11.3 с · JSON так
   модель: {"година": 9, "темп_c": 18, "реєстр_людини": ["романтичний"], "вето": {"типи": ["смужка"]}, "намір": "conventional"}
   код:    {"година": 11, "темп_c": 18, "вето": {"типи": ["смужка"]}, "намір": "conventional"} · відповідь_людині: Зрозуміла, що тобі подобається романтичний стиль і смужка не твоє. Розкажи мені про нагоду та бажаний рівень ошатності – а можна й нічого не казати, зберу образ
mamaylm-gemma-3-12b-it-v2.0 · 06 «не хочу темні» · 11.6 с · JSON так
   модель: {"година": 13, "темп_c": 18, "реєстр_людини": ["романтичний"], "вето": {"кольори": ["темні"]}, "настрій": ["легкий", "по-дівчачому"], "намір": "comfort_first"}
   код:    {"година": 11, "темп_c": 18, "вето": {"кольори": ["темні"]}, "настрій": ["легкий", "по-дівчачому"], "намір": "comfort_first"} · відповідь_людині: Зрозуміла, що тобі потрібен комфортний і легкий образ. Розкажи трохи більше про місце та формат заходу, щоб я могла підібрати найкращий варіант.
mamaylm-gemma-3-12b-it-v2.0 · 07 «ні в якому разі» · 12.5 с · JSON так
   модель: {"місце": "парк — Надворі (вулиця, парк, набережна)", "година": 13, "темп_c": 18, "реєстр_людини": ["романтичний"], "настрій": ["ніжно", "по-дівчачому"], "прикраси": "без прикрас", "намір": "comfort_first"}
   код:    {"година": 11, "темп_c": 18, "настрій": ["ніжно", "по-дівчачому"], "прикраси": "без прикрас", "намір": "comfort_first"} · відповідь_людині: Зрозуміла, що ти плануєш прогулянку вдень і хочеш почуватися комфортно. Можеш розповісти про бажаний колір для губ або чи є якісь речі, яких би ти хотіла уникну
mamaylm-gemma-3-12b-it-v2.0 · 08 «куртку чи жакет, не темного кольору» · 13.4 с · JSON так
   модель: {"година": 13, "темп_c": 18, "реєстр_людини": ["романтичний"], "бажання": ["куртка чи жакет, не темного кольору"], "вето": {"кольори": ["темні"]}, "настрій": ["по-дівчачому", "ніжно", "романтично"], "намір": "comfort_first"}
   код:    {"година": 11, "темп_c": 18, "бажання": ["куртка чи жакет, не темного кольору"], "вето": {"кольори": ["темні"]}, "настрій": ["по-дівчачому", "ніжно", "романтично"], "намір": "comfort_first"} · відповідь_людині: Зрозуміла, що ти хочеш куртку чи жакет не темного кольору і щоб було зручно. Можеш сказати мені про нагоду та місце?
mamaylm-gemma-3-12b-it-v2.0 · 09 «не ношу куртки, краще пальто чи тренч» · 11.5 с · JSON так
   модель: {"нагода": "прогулянка", "місце": "надворі", "година": 13, "темп_c": 18, "реєстр_людини": ["класика"], "вето": {"типи": ["куртки"]}, "настрій": ["комфортний", "по-дівчачому"], "намір": "comfort_first"}
   код:    {"нагода": "прогулянка", "година": 11, "темп_c": 18, "вето": {"типи": ["куртка", "куртки"]}, "настрій": ["комфортний", "по-дівчачому"], "намір": "comfort_first"} · відповідь_людині: Зрозуміла, що ти шукаєш комфортний і по-дівчачому образ. Підкажи ще деталі про місце та дрес-код.
mamaylm-gemma-3-12b-it-v2.0 · 10 «не хочу привертати уваги» · 12.4 с · JSON так
   модель: {"година": 13, "темп_c": 18, "реєстр_людини": ["романтичний"], "вето": {"типи": ["підбори"]}, "настрій": ["спокійний", "непомітний"], "прикраси": "без прикрас", "мета": "приховати", "намір": "comfort_first"}
   код:    {"година": 11, "темп_c": 18, "настрій": ["спокійний", "непомітний"], "мета": "приховати", "намір": "comfort_first"} · відповідь_людині: Зрозуміла, що тобі потрібен комфортний і непомітний образ. Дай знати про нагоду чи місце, щоб я могла підібрати найкращий варіант.
