lapa-v0.1.3-instruct · 01 «гуляю з собаками в парку, вітер, яскраво хочу одягатись, по-» · 13.8 с · JSON так
   модель: {"нагода": "прогулянка", "місце": "парк", "година": "11", "темп_c": "18", "опади": "ні", "реєстр_людини": ["романтичний"], "бажання": ["зручний, ніжний, світлий образ"], "настрій": ["радісний", "енергійний"], "прикраси": "без прикрас", "намір": "comfort_first"}
   код:    {"нагода": "прогулянка", "місце": "парк", "година": 11, "темп_c": 18, "опади": "ні", "реєстр_людини": ["романтичний"], "бажання": ["зручний, ніжний, світлий образ"], "настрій": ["радісний", "енергійний"], "намір": "comfort_first"} · відповідь_людині: Я розумію, що ти шукаєш зручний та ніжний образ у світлих тонах. Чи хотіла б ти додати трохи кольору або прикрас до образу?
lapa-v0.1.3-instruct · 02 «робочий день в офісі, дрес-код business casual, без підборів» · 9.9 с · JSON так
   модель: {"нагода": "робота", "місце": "офіс_креативний", "година": 11, "темп_c": 18, "опади": "ні", "реєстр_людини": ["business_casual"], "прикраси": "без прикрас", "мета": "лестити", "намір": "context_optimal"}
   код:    {"нагода": "робота", "місце": "офіс_креативний", "година": 11, "темп_c": 18, "прикраси": "без прикрас", "мета": "лестити", "намір": "context_optimal"} · відповідь_людині: 
lapa-v0.1.3-instruct · 03 «смужку? ні, клітинку хочу» · 14.5 с · JSON так
   модель: {"нагода": "свято", "місце": "урочистий зал", "година": 19, "темп_c": 20, "опади": "ні", "реєстр_людини": ["класика"], "бажання": ["щоб личило", "хочу подобатись"], "настрій": ["святковий"], "прикраси": "золото", "мета": "лестити", "намір": "context_optimal"}
   код:    {"нагода": "свято", "година": 11, "темп_c": 18, "бажання": ["щоб личило", "хочу подобатись"], "прикраси": "золото", "мета": "лестити", "намір": "context_optimal"} · відповідь_людині: Я зрозуміла, що ти хочеш бути помітною, з яскравою помадою та золотими прикрасами. Чи є ще щось конкретне, що ти хотіла б побачити в образі?
lapa-v0.1.3-instruct · 04 «хочу смужку» · 14.1 с · JSON так
   модель: {"нагода": "весілля_гість", "місце": "святкова_вечеря", "година": "20", "темп_c": "20", "опади": "ні", "реєстр_людини": ["black_tie"], "бажання": ["довга сукня, що підкреслює фігуру"], "вето": {"типи": ["короткі сукні"], "тканини": ["джинса"], "принти": ["квіти"], "кольори": ["білий"]}, "настрій": ["святковий", "елегантний"], "прикраси": "золото", "мета": "лестити", "намір": "context_optimal"}
   код:    {"нагода": "весілля_гість", "година": 11, "темп_c": 18, "опади": "ні", "бажання": ["довга сукня, що підкреслює фігуру"], "вето": {"типи": ["короткі сукні"], "тканини": ["джинса"], "принти": ["квіти"], "кольори": ["білий"]}, "настрій": ["святковий", "елегантний"], "прикраси": "золото", "мета": "лестити", "намір": "context_optimal"} · відповідь_людині: Я зрозуміла, що ти хочеш довгу сукню, яка підкреслює фігуру, з відкритою спиною. Чи правильно я розумію?
lapa-v0.1.3-instruct · 05 «люблю смужку. ні» · 15.7 с · JSON так
   модель: {"нагода": "святкування", "місце": "урочистий зал", "година": "20", "темп_c": "20", "опади": "ні", "реєстр_людини": ["black_tie"], "бажання": ["щоб запам'ятали", "щоб усі ахннули"], "настрій": ["святковий", "урочистий"], "прикраси": "золото", "мета": "експресія", "намір": "statement"}
   код:    {"година": 11, "темп_c": 18, "бажання": ["щоб запам'ятали", "щоб усі ахннули"], "прикраси": "золото", "мета": "експресія", "намір": "statement"} · відповідь_людині: Я зрозуміла, що ти хочеш яскравий макіяж, золоті прикраси та образ, який запам'ятається. Чи є ще щось, що ти хотіла б додати?
lapa-v0.1.3-instruct · 06 «не хочу темні» · 12.6 с · JSON так
   модель: {"нагода": "весілля_гість", "місце": "святкова_вечеря", "година": "20", "темп_c": "20", "опади": "ні", "реєстр_людини": ["black_tie"], "бажання": ["довга сукня, що підкреслює фігуру"], "вето": {"типи": ["міні", "максі"], "тканини": ["синтетика"], "кольори": ["білий", "майже-білий"], "зони": "декольте"}, "настрій": ["святковий", "урочистий"], "прикраси": "золото", "мета": "лестити", "намір": "context_optimal"}
   код:    {"нагода": "весілля_гість", "година": 11, "темп_c": 18, "бажання": ["довга сукня, що підкреслює фігуру"], "мета": "лестити", "намір": "context_optimal"} · відповідь_людині: 
lapa-v0.1.3-instruct · 07 «ні в якому разі» · 13.5 с · JSON так
   модель: {"нагода": "весілля_гість", "місце": "святкова_вечеря", "година": "20", "темп_c": "20", "опади": "ні", "реєстр_людини": ["black_tie"], "бажання": ["щоб личило", "хочу подобатись"], "настрій": ["радісний", "урочистий"], "прикраси": "золото", "мета": "лестити", "намір": "context_optimal"}
   код:    {"нагода": "весілля_гість", "година": 11, "темп_c": 18, "бажання": ["щоб личило", "хочу подобатись"], "мета": "лестити", "намір": "context_optimal"} · відповідь_людині: 
lapa-v0.1.3-instruct · 08 «куртку чи жакет, не темного кольору» · 11.4 с · JSON так
   модель: {"нагода": "свято", "місце": "святкова_вечеря", "година": 19, "темп_c": 20, "опади": "ні", "реєстр_людини": ["преппі"], "бажання": ["щоб було по-дівчачому, ніжно"], "вето": {"кольори": ["темний"]}, "настрій": ["святковий"], "прикраси": "золото", "мета": "експресія", "намір": "statement"}
   код:    {"нагода": "свято", "година": 11, "темп_c": 18, "бажання": ["щоб було по-дівчачому, ніжно"], "мета": "експресія", "намір": "statement"} · відповідь_людині: 
lapa-v0.1.3-instruct · 09 «не ношу куртки, краще пальто чи тренч» · 12.8 с · JSON так
   модель: {"нагода": "весілля_гість", "місце": "святкова_вечеря", "година": "20", "темп_c": "20", "опади": "ні", "реєстр_людини": ["black_tie"], "бажання": ["довга сукня, що підкреслює фігуру"], "вето": {"типи": ["шорти", "спідниці вище коліна"], "тканини": ["джинса"], "кольори": ["білий", "майже-білий"], "зони": "декольте"}, "настрій": ["святковий", "урочистий"], "прикраси": "золото", "мета": "лестити", "намір": "context_opti
   код:    {"нагода": "весілля_гість", "година": 11, "темп_c": 18, "бажання": ["довга сукня, що підкреслює фігуру"], "вето": {"типи": ["куртка"]}, "мета": "лестити", "намір": "context_optimal"} · відповідь_людині: 
lapa-v0.1.3-instruct · 10 «не хочу привертати уваги» · 10.6 с · JSON так
   модель: {"нагода": "щоденнe", "місце": "дім", "година": 11, "темп_c": 18, "опади": "ні", "настрій": ["спокійний"], "прикраси": "без прикрас", "мета": "лестити", "намір": "conventional"}
   код:    {"година": 11, "темп_c": 18, "намір": "conventional"} · відповідь_людині: 
