
## P08 H/X межа
  fit.зони sig (t) → H/X межа
  простір: живих 0 блокованих 62 крої {'верх': 0, 'низ': 0} порожньо: усі комбінації несуть блокер: 
  ЦІЛЬ_ЛІТЕРИ keys: []
  контроль (98/92/72/100): X живих 1006

## P12 _без_ід + читачі полів
  _без_ід: 'вузол напруги — «сукня» (0.50, 1 ребро: )'
  _без_ід_рядків: 'вузол напруги — «сукня» (0.50, 1 ребро: )'

## P17 31 ID: форми емісії (запис vs _зн/dict)
  K-CHN-01    _зн=0 dict=0 запис=1  ['accessory.py']
  K-CLR-01    _зн=0 dict=0 запис=1  ['bases.py']
  K-CLR-03    _зн=0 dict=0 запис=1  ['bases.py']
  K-CLR-04    _зн=0 dict=0 запис=1  ['bases.py']
  K-COL-03    _зн=0 dict=0 запис=1  ['palette.py']
  K-COMP-02   _зн=0 dict=0 запис=1  ['composer.py']
  K-CON-01    _зн=0 dict=0 запис=1  ['personal_palette.py']
  K-CRA-11    _зн=0 dict=0 запис=1  ['accessory.py']
  K-ECHO-01   _зн=0 dict=0 запис=1  ['personal_palette.py']
  K-EYE-02    _зн=0 dict=1 запис=1  ['accessory.py']
  K-IO-03     _зн=0 dict=0 запис=2  ['pipeline.py', 'знахідка.py']
  K-IO-04     _зн=0 dict=0 запис=1  ['pipeline.py']
  K-IO-05     _зн=0 dict=0 запис=1  ['fit.py']
  K-KOH-03    _зн=0 dict=0 запис=2  ['outfit.py']
  K-KOH-07    _зн=0 dict=0 запис=3  ['outfit.py']
  K-KOH-09    _зн=0 dict=0 запис=1  ['outfit.py']
  K-LNG-04    _зн=0 dict=0 запис=1  ['profile.py']
  K-P0-01     _зн=0 dict=0 запис=1  ['composer.py']
  K-PRC-01    _зн=0 dict=0 запис=1  ['accessory.py']
  K-SIL-07    _зн=0 dict=0 запис=1  ['outfit.py']
  K-SIZ-01    _зн=0 dict=0 запис=1  ['accessory.py']
  K-SYS-08    _зн=0 dict=0 запис=1  ['outfit.py']
  K-SYS-09    _зн=0 dict=0 запис=1  ['outfit.py']
  K-VAR-01    _зн=0 dict=0 запис=2  ['composer.py']
  K-WEA-04    _зн=0 dict=0 запис=1  ['accessory.py']
  R-FEED-02   _зн=0 dict=0 запис=1  ['feed.py']
  R-FEED-06   _зн=0 dict=0 запис=1  ['feed.py']
  R-PC-03     _зн=0 dict=0 запис=1  ['outfit.py']
  R-PC-09     _зн=0 dict=0 запис=1  ['bridge.py']
  R-PRN-07    _зн=0 dict=0 запис=1  ['outfit.py']
  R-SSC-01    _зн=0 dict=0 запис=1  ['outfit.py']

## P19 регулярки ID у приладах
  відбиток.py:44 '^[KRPE]-[A-ZА-Я0-9]{2,5}-\\d{2}[a-zа-я]?$' → ловить ['K-SYS-07a', 'P-PRT-01', 'K-KOH-05']
  правила.py:50 '\\b([KRPE]-[A-ZА-Я0-9]{2,5}-\\d{2}[a-zа-я]?)\\b' → ловить ['K-COL-06-T', 'K-SYS-07a', 'P-PRT-01', 'K-KOH-05']
  gate_reach.py:58 '\\b([KRE]-[A-ZА-Я0-9]{2,5}-\\d{2}[a-zа-я]?)\\b' → ловить ['K-COL-06-T', 'K-SYS-07a', 'K-KOH-05']
  gate_reach.py:640 '\\b([KR]-[A-ZА-Я0-9]{2,5}-\\d{2}[a-zа-я]?)\\b' → ловить ['K-COL-06-T', 'K-SYS-07a', 'K-KOH-05']
  корпус.py:35 '\\b([KRE]-[A-ZА-Я0-9]{2,5}-\\d{2}[a-zа-я]?)\\b' → ловить ['K-COL-06-T', 'K-SYS-07a', 'K-KOH-05']

## P20 поза корпусом: outfit.ПОЗА_КОРПУСОМ проти корпусу
  ПОЗА_КОРПУСОМ: 31
  K-BOD-00    ПОЗА         згадок=  0 означення=ні  {}
  K-BOD-01    ПОЗА         згадок=  0 означення=ні  {}
  K-BOD-04    ПОЗА         згадок=  0 означення=ні  {}
  K-CLR-01    ПОЗА         згадок=  0 означення=ні  {}
  K-CLR-04    ПОЗА         згадок=  1 означення=ні  {'тема-10_взут': 1}
  K-CLR-05    ПОЗА         згадок=  2 означення=ні  {'тема-10_взут': 2}
  K-FCE-04    ПОЗА         згадок=  4 означення=ні  {'тема-10_взут': 4}
  K-FIT-02    ПОЗА         згадок=  0 означення=ні  {}
  K-PC-01     ПОЗА         згадок=  0 означення=ні  {}
  K-PC-02     ПОЗА         згадок=  0 означення=ні  {}
  K-PC-04     ПОЗА         згадок=  0 означення=ні  {}
  K-PC-06     ПОЗА         згадок=  0 означення=ні  {}
  K-PC-08     ПОЗА         згадок=  0 означення=ні  {}
  R-ABC-08    ПОЗА         згадок=  0 означення=ні  {}
  R-ABC-11    ПОЗА         згадок=  0 означення=ні  {}
  R-ABC-13    ПОЗА         згадок=  0 означення=ні  {}
  R-BPC-02    ПОЗА         згадок=  0 означення=ні  {}
  R-HELM-03   ПОЗА         згадок=  1 означення=ні  {'тема-11_верх': 1}
  R-LNG-01    ПОЗА         згадок=  0 означення=ні  {}
  R-LOC-06    ПОЗА         згадок=  0 означення=ні  {}
  R-MKT-05    ПОЗА         згадок=  0 означення=ні  {}
  R-NVB-02    ПОЗА         згадок=  0 означення=ні  {}
  R-PSY-01    ПОЗА         згадок=  0 означення=ні  {}
  R-PSY-06    ПОЗА         згадок=  0 означення=ні  {}
  R-SIM-03    ПОЗА         згадок=  0 означення=ні  {}
  R-SIM-12    ПОЗА         згадок=  0 означення=ні  {}
  R-SSC-01    ПОЗА         згадок=  0 означення=ні  {}
  R-TYP-02    ПОЗА         згадок=  2 означення=ні  {'тема-11_верх': 2}
  R-TYP-05    ПОЗА         згадок=  0 означення=ні  {}
  R-VEB-10    ПОЗА         згадок=  0 означення=ні  {}
  R-WRD-01    ПОЗА         згадок=  0 означення=ні  {}
  K-CUT-00    не в списку  згадок=  3 означення=так {'тема-4_компо': 2, 'тема-12_чоло': 1}
  K-SYS-08    не в списку  згадок=  4 означення=так {'тема-13_стил': 1, 'тема-4_компо': 3}
  K-SYS-09    не в списку  згадок=  3 означення=так {'тема-13_стил': 1, 'тема-4_компо': 2}
  K-COL-CONF  не в списку  згадок=  0 означення=ні  {}
  R-LNG-UA    не в списку  згадок=  0 означення=ні  {}
  K-HAIR-01   не в списку  згадок=  0 означення=ні  {}
  K-REG-07    не в списку  згадок=  0 означення=ні  {}
  P-PRT-01    не в списку  згадок=  0 означення=ні  {}

## P22 ВИМКНЕНІ_СЛОВА
  ВИМКНЕНІ_ПРАВИЛА: {'K-CRA-04'}
  _ВИМКНЕНІ_СЛОВА: припуск|приляганн|тісн|ковзанн
  функції: ['_ВИМКНЕНІ_СЛОВА', '_вимкнене', 'ВИМКНЕНІ_ПРАВИЛА']
  silhouette.py: 81 рядків із цими словами у рядкових літералах; напр. [(43, 'суть="на скільки припуск на вершині має підійматись над сусідніми "'), (81, '"«припуск баски», розрив на 1.276). Тепер сила стоїть на "'), (91, 'суть="припуск, нижче якого річ ОБЛЯГАЄ зону (простежує контур). "')]
  fit.py: 7 рядків із цими словами у рядкових літералах; напр. [(517, '"припускає КОНТРАСТ між взуттям і шкірою: чорний ботильйон на "'), (784, 'def _кр(р): return O.крій_речі(р) or р.get("припуск")'), (969, 'припуск="straight"),')]
  outfit.py: 1 рядків із цими словами у рядкових літералах; напр. [(4735, 'припуск=r.get("крій", "straight"),')]
  outer.py: 39 рядків із цими словами у рядкових літералах; напр. [(2, '"""ВЕРХНІЙ ШАР (тема-11): пріоритет тепла, стан як операція, краї, драбина припусків.'), (73, '"припуск_крок_шар_см": dict(t="T2", val=5.0, прав="K-OUT-06",'), (74, 'суть="крок припуску на КОЖЕН наступний шар (Charlotte Kan), узгоджений із "')]
  accessory.py: 19 рядків із цими словами у рядкових літералах; напр. [(50, '"припуск_мін_мм": dict(t="T2", val=5.0, прав="K-SHO-13",'), (51, 'суть="мінімальний припуск «внутрішня довжина взуття − довжина стопи». ДЖЕРЕЛО Є: "'), (57, '"припуск_макс_мм": dict(t="T3", val=20.0, прав="K-SHO-15",')]

## P28 skin_pos
  sig skin_pos (lab, sigma=0.0, protocol=None)
  protocol=None: {"ITA": 51.0, "ITA_σ": 0.0, "band_p": {"light": 1.0}}
  protocol=uncontrolled: {"ITA": 48.9, "ITA_σ": 14.9, "band_p": {"light": 0.37, "very light": 0.35, "intermediate": 0.21, "tan": 0.06, "brown": 0.02}}

## P29 personal_palette серіалізація / hex / дуги
  json.dumps(палітра): ПАДАЄ: TypeError Object of type function is not JSON serializable
  hex у рисах: {'шкіра': None, 'волосся': None, 'очі': None}
  дуг 13 перекриттів 5 [(('жовта', 'тепла', (70, 100)), ('жовта', 'холодна', (95, 115))), (('жовта', 'холодна', (95, 115)), ('зелена', 'тепла', (100, 145))), (('синя', 'холодна', (250, 290)), ('фіолетова', 'холодна', (285, 310))), (('фіолетова', 'тепла', (300, 330)), ('фіолетова', 'холодна', (285, 310))), (('рожева', 'тепла', (20, 45)), ('червона', 'тепла', (15, 45)))]

## P30 координація у вершині; відстань
  sig координація (E, набір_кандидатів=None, метрика='oklab', зважувати_площею=False, зсув_вершини=None)
  d_ok у coordination: 0 | cs.d_ok: 1 | власна: False
  !! P30: AttributeError: 'list' object has no attribute 'get'
      print("  моя", round(float(m), 4), "→ ранг", r.get('ранг'), "оцінка", r.get('оцінка'), "сила_нп", r.get('сила_нп'), "сут | ^^^^^

## P31 K-VAR-01 / K-COMP-02 / _портфель
  composer.py: _портфель=6 K-VAR-01=3 K-COMP-02=4 ПОЛЮСИ_ОБРАЗУ=0
  pipeline.py: _портфель=0 K-VAR-01=1 K-COMP-02=1 ПОЛЮСИ_ОБРАЗУ=3
  bridge.py: _портфель=0 K-VAR-01=0 K-COMP-02=2 ПОЛЮСИ_ОБРАЗУ=1
  корпус тема-4 згадує composer._портфель: True | образ_коду: False

## P32 accessory відра + outer.СОЛЬОВРАЗЛИВІ
  sig перевірити (t, речі, темп_c=None, опади=None, реагенти=None, тривалість_год=None, поверхня=None, гардероб=None, спец=None, запити=N
  ворота: []
  преференції: []
  питання: []
  без_відповіді: ['K-END-01', 'K-SHO-09']
  без_входу: [{'правило': 'K-SIZ-01', 'сила': 'питання', 'регістр': 'питання', 'суть': 'обхват долоні (рукавички), розмір пальця (каблучка), обхват шиї (чокер) — входу нема', 'речі': ['образ'], 'чому': 'НЕ ДОСЛІДЖЕНО — це нуль пошуку, а не нуль світу. Наслідок: троє воріт аксесуарної гілки не мають ані виміру тіла, ані розмірної системи; решта воріт (взуття ISO 9407, оправа BS 3521, головний убір — модистська болванка) вхід мають', 'сила_нп': 0.0, 'сила_нп_джерело': 'входу нема: НЕ ДОСЛІДЖЕНО — це нуль пошуку, а не нуль світу', 'блокує': False, 'ремонт': 'як варіант — що це оживить: пошук розмірних систем цих трьох ремесел; помилку першого проходу — оголосити ненайдене неімплементовним — не повторювати', 'де_ламається': 'правило записане в корпусі й не виконується — це ЧЕРГА, названа вголос, а не провал і не виправдання', 'навіщо': 'пошук розмірних систем цих трьох ремесел; помилку першого проходу — оголосити ненайдене неімплементовним — не повторювати'}, {'правило': 'K-ACC-03', 'сила': 'питання', 'регістр': 'питання', 'суть': 'метал фурнітури (пряжка пояса, фурнітура сумки, застібка взуття) нарівні з прикрасами в правилі металів — входу нема', 'речі': ['образ'], 'чому': 'ВИМІРЯНО 26.08.2026: у назвах ager 0 із 260 несуть слово про метал або фурнітуру. Тема обіцяла, що це «виводиться з назви й фото» — назвова половина обіцянки на живому фіді порожня. Наслідок: K-CLR-05 (метали в образі) далі живе на самих прикрасах, тобто на синтетиці: пряжка й фурнітура сумки в лічбу не входять, хоч конкурують за увагу нарівні', 'сила_нп': 0.0, 'сила_нп_джерело': 'входу нема: ВИМІРЯНО 26.08.2026: у назвах ager 0 із 260 несуть слово про метал або фурнітуру. Тема обіцяла, що це «виводиться з назви й фото» — назвова половина обіцянки на живому фіді порожня', 'блокує': False, 'ремонт': 'як варіант — що це оживить: VLM по фото товару — інакше нічого; і перед тим варто переміряти на ширшому фіді, бо 0/260 це вимір ОДНОГО каталогу, не всього ринку', 'де_ламається': 'правило записане в корпусі й не виконується — це ЧЕРГА, названа вголос, а не провал і не виправдання', 'навіщо': 'VLM по фото товару — інакше нічого; і перед тим варто переміряти на ширшому фіді, бо 0/260 це вимір ОДНОГО каталогу, не всього ринку'}, {'правило': 'K-ACC-08', 'сила': 'питання', 'регістр': 'питання', 'суть': 'хустка обирається ОСТАННЬОЮ, від діри, яку має закрити — входу нема', 'речі': ['образ'], 'чому': 'це порядок кроків КОМПОЗИТОРА, а не правило над річчю; композитор нині перебирає слоти одним проходом. Наслідок: хустка конкурує за увагу нарівні з базою замість добиратись під залишкову діру (тепло / приобличчевий колір / інтерес / асиметрія)', 'сила_нп': 0.0, 'сила_нп_джерело': 'входу нема: це порядок кроків КОМПОЗИТОРА, а не правило над річчю; композитор нині перебирає слоти одним проходом', 'блокує': False, 'ремонт': 'як варіант — що це оживить: другий прохід композитора після фіксації нагоди, погоди й бази', 'де_ламається': 'правило записане в корпусі й не виконується — це ЧЕРГА, названа вголос, а не провал і не виправдання', 'навіщо': 'другий прохід композитора після фіксації нагоди, погоди й бази'}, {'правило': 'K-ACC-11', 'сила': 'питання', 'регістр': 'питання', 'суть': 'волокно вирішує складку, складка мусить пасувати конструкції жакета — входу нема', 'речі': ['образ'], 'чому': 'нагрудна хустинка не є слотом системи, і в українських жіночих фідах її нема. Наслідок: правило не має обʼєкта — це K-MAT-01 (тканина проти крою) на предметі, якого в нас не існує', 'сила_нп': 0.0, 'сила_нп_джерело': 'входу нема: нагрудна хустинка не є слотом системи, і в українських жіночих фідах її нема', 'блокує': False, 'ремонт': 'як варіант — що це оживить: слот нагрудної хустинки + поле волокна; обидва відсутні', 'де_ламається': 'правило записане в корпусі й не виконується — це ЧЕРГА, названа вголос, а не провал і не виправдання', 'навіщо': 'слот нагрудної хустинки + поле волокна; обидва відсутні'}, {'правило': 'K-EYE-04', 'сила': 'питання', 'регістр': 'питання', 'суть': 'рецепт обмежує оправу РАНІШЕ за естетику — входу нема', 'речі': ['образ'], 'чому': 'сили рецепта нема ні в анкеті, ні у фіді; і гілки «оверсайз-оправа» в системі теж нема — обмежувати нічого. Наслідок: система порекомендувала б велику оправу за пропорцією обличчя, не знаючи, що лінзи в неї не стануть. Рекомендувати оправу, яка не несе її лінз, гірше, ніж не рекомендувати нічого', 'сила_нп': 0.0, 'сила_нп_джерело': 'входу нема: сили рецепта нема ні в анкеті, ні у фіді; і гілки «оверсайз-оправа» в системі теж нема — обмежувати нічого', 'блокує': False, 'ремонт': 'як варіант — що це оживить: одне питання анкети (діоптрії) — але лише разом із гілкою розміру оправи', 'де_ламається': 'правило записане в корпусі й не виконується — це ЧЕРГА, названа вголос, а не провал і не виправдання', 'навіщо': 'одне питання анкети (діоптрії) — але лише разом із гілкою розміру оправи'}, {'правило': 'K-SCL-01', 'сила': 'питання', 'регістр': 'питання', 'суть': 'масштаб рис обличчя й напрям лінії рис — входу нема', 'речі': ['образ'], 'чому': 'з фото не витягається наявним кодом (контраст витягається, масштаб — ні). Наслідок: K-JEW-02 (масштаб прикраси повторює масштаб рис) і K-ACC-05 (масштаб аксесуара) написані й НЕ МАЮТЬ НА ЧОМУ СТОЯТИ — вони мертві за побудовою', 'сила_нп': 0.0, 'сила_нп_джерело': 'входу нема: з фото не витягається наявним кодом (контраст витягається, масштаб — ні)', 'блокує': False, 'ремонт': 'як варіант — що це оживить: вимір масштабу рис із фото, так само як уже міряється контраст', 'де_ламається': 'правило записане в корпусі й не виконується — це ЧЕРГА, названа вголос, а не провал і не виправдання', 'навіщо': 'вимір масштабу рис із фото, так само як уже міряється контраст'}, {'правило': 'K-JEW-03', 'сила': 'питання', 'регістр': 'питання', 'суть': 'прозорість каменя й ширина шинки — входу нема', 'речі': ['образ'], 'чому': 'поля нема в жодному фіді, анкети нема, з фото не витягається. Наслідок: вага предмета в бюджеті акцентів лишається БІНАРНОЮ («заявний предмет» так/ні) замість неперервної, хоч та сама фізична величина важить різно: прозорий камінь на вузькій шинці легший за глухий на широкій', 'сила_нп': 0.0, 'сила_нп_джерело': 'входу нема: поля нема в жодному фіді, анкети нема, з фото не витягається', 'блокує': False, 'ремонт': 'як варіант — що це оживить: VLM по фото товару', 'де_ламається': 'правило записане в корпусі й не виконується — це ЧЕРГА, названа вголос, а не провал і не виправдання', 'навіщо': 'VLM по фото товару'}, {'правило': 'K-ACC-09', 'сила': 'питання', 'регістр': 'питання', 'суть': 'вага брошки — входу нема', 'речі': ['образ'], 'чому': 'жоден фід не несе; людина ваги своєї брошки не знає. Наслідок: пара (вага брошки, вага тканини) не рахується, і важка брошка на шифоні проходить естетичний відбір — а це відмова КОНСТРУКЦІЇ, не смаку: шпилька тягне й деформує один шар', 'сила_нп': 0.0, 'сила_нп_джерело': 'входу нема: жоден фід не несе; людина ваги своєї брошки не знає', 'блокує': False, 'ремонт': 'як варіант — що це оживить: нічого дешевого нема', 'де_ламається': 'правило записане в корпусі й не виконується — це ЧЕРГА, названа вголос, а не провал і не виправдання', 'навіщо': 'нічого дешевого нема'}, {'правило': 'K-HAT-02', 'сила': 'питання', 'регістр': 'питання', 'суть': 'криси капелюха проти лінії вилиць — входу нема', 'речі': ['образ'], 'чому': 'ширини ОБЛИЧЧЯ фронтальний профіль ТІЛА не містить; ширини крисів картка не несе. Наслідок: криси лишаються без єдиної осі, яку тема вважає вимірною; формальність капелюха при цьому працює — її несе ЖОРСТКІСТЬ криса, а не ширина', 'сила_нп': 0.0, 'сила_нп_джерело': 'входу нема: ширини ОБЛИЧЧЯ фронтальний профіль ТІЛА не містить; ширини крисів картка не несе', 'блокує': False, 'ремонт': 'як варіант — що це оживить: ширина обличчя з фото (та сама екстракція, що дає контраст) + поле ширини криса', 'де_ламається': 'правило записане в корпусі й не виконується — це ЧЕРГА, названа вголос, а не провал і не виправдання; а два числа самого джерела («криси = ширина плечей» проти «криси = ¼–⅓ ширини плечей», З ОДНОГО ДОМУ, різниця в три-чотири рази) у код не заводяться взагалі: внутрішня суперечність усередині одного джерела — найдешевший детектор фольклору, який тема знайшла', 'навіщо': 'ширина обличчя з фото (та сама екстракція, що дає контраст) + поле ширини криса'}, {'правило': 'K-SHO-12', 'сила': 'питання', 'регістр': 'питання', 'суть': 'форма носка — входу нема', 'речі': ['образ'], 'чому': 'поля нема; величина зсуву формальності невідома. Наслідок: два човники з гострим і квадратним носком лишаються нерозрізненними', 'сила_нп': 0.0, 'сила_нп_джерело': 'входу нема: поля нема; величина зсуву формальності невідома', 'блокує': False, 'ремонт': 'як варіант — що це оживить: VLM + калібрування зсуву', 'де_ламається': 'правило записане в корпусі й не виконується — це ЧЕРГА, названа вголос, а не провал і не виправдання', 'навіщо': 'VLM + калібрування зсуву'}]
  лишились: ['ш1', 'г1']
  ворота_розміру прямо: [(None, None, None), (None, None, None)]
  СОЛЬОВРАЗЛИВІ: ('вовна', 'шовк', 'шкіра', 'замша', 'нубук', 'кашемір')
  sig догляд (речі, реагенти=None, темп_c=None, опади=None)
   матеріал='замша': ['K-OUT-44', 'K-OUT-45']
   матеріал='замш': []
   матеріал='замшеве пальто': []

## P36 K-FIT-03 литка
  обхвати ноги НІ {'стегна': 31.83, 'коліно': 13.37, 'литка': 12.1} → {'на_максимумі': False, 'близькість': None}
  обхвати ноги ТАК {'стегна': 31.83, 'коліно': 11.14, 'литка': 11.46} → {'на_максимумі': True, 'близькість': 0.0}
  екран показ.html поля мірок: ['id="мр-плечі"', 'id="мр-груди"', 'id="мр-талія"', 'id="мр-стегна"', 'id="мр-зріст"']

## P37 K-KOH-05 регістри / чеклісти
  sig review має дрес_код: True
   cocktail: K-KOH-05 рядків 5 → [('soft', 'репліка', False), ('hard', 'гейт', True), ('hard', 'гейт', True), ('hard', 'гейт', True), ('strong', 'репліка', False)]
   business_casual: K-KOH-05 рядків 3 → [('soft', 'репліка', False), ('hard', 'гейт', True), ('hard', 'гейт', True)]
   casual: K-KOH-05 рядків 0 → []
  чеклісти keys: ['надлишок', 'прісність', 'підсумок', 'межа']
    надлишок Counter({'без входу': 11, 'пройдено': 5})
    прісність Counter({'без входу': 4, 'пройдено': 1, 'провал': 1})
    підсумок {'надлишок': "{'провал': 0, 'пройдено': 5, 'без входу': 11}", 'прісність': "{'провал': 1, 'пройдено': 1, 'без входу': 4}"}

## P38 важіль_макіяжу / bases._тепло
  sig важіль_макіяжу (макіяж, L_обличчя)
   #d9a89a (10.0, 'константа T3 (кольору макіяжу не задано)')
   #5a1020 (10.0, 'константа T3 (кольору макіяжу не задано)')
  sig bases.ранг (F, ОСНОВИ, порядок, самозвіт=None, контраст=None, надійність=None, барви=None, intent='conventional', макіяж=None)
  тепло_клас шкіри: не стверджується (вісь одностороння на цій популяції) вісь_знак_придатний: False тепло_сила: 1.5
   самозвіт None → TypeError: ранг() missing 2 required positional arguments: 'ОСНОВИ' and 'порядок'
   самозвіт {'метал': 'золото', 'білий': ' → TypeError: ранг() missing 2 required positional arguments: 'ОСНОВИ' and 'порядок'
   самозвіт {'метал': 'срібло', 'білий': ' → TypeError: ранг() missing 2 required positional arguments: 'ОСНОВИ' and 'порядок'

## P39 волосся два пасма
  !! P39: AttributeError: 'tuple' object has no attribute 'get'
      print("  риси:", [k for k in F if isinstance(F.get(k), dict) and 'L' in F[k]]) | ^^^^^

## P40 жниварка
  start.py: def=14 без згадок=0 [] секрети=0 except-broad=5 bare=0
  виконавець.py: def=18 без згадок=0 [] секрети=0 except-broad=20 bare=0
  жниварка.py: def=80 без згадок=0 [] секрети=0 except-broad=17 bare=0
  розвідка.py: def=19 без згадок=0 [] секрети=0 except-broad=13 bare=0
  однойменні def у feed і жниварці: ['слот', 'тип', 'колір']

## DONE
