lapa-v0.1.3-instruct · 01 «гуляю з собаками в парку, вітер, яскраво хочу одягатись, по-» · 6.0 с · JSON НІ
   модель: {}
   код:    {} · відповідь_людині: 
lapa-v0.1.3-instruct · 02 «робочий день в офісі, дрес-код business casual, без підборів» · 4.1 с · JSON НІ
   модель: {}
   код:    {} · відповідь_людині: 
lapa-v0.1.3-instruct · 03 «смужку? ні, клітинку хочу» · 4.6 с · JSON НІ
   модель: {}
   код:    {} · відповідь_людині: 
lapa-v0.1.3-instruct · 04 «хочу смужку» · 4.3 с · JSON НІ
   модель: {}
   код:    {} · відповідь_людині: 
lapa-v0.1.3-instruct · 05 «люблю смужку. ні» · 5.3 с · JSON НІ
   модель: {}
   код:    {} · відповідь_людині: 
lapa-v0.1.3-instruct · 06 «не хочу темні» · 3.7 с · JSON НІ
   модель: {}
   код:    {} · відповідь_людині: 
lapa-v0.1.3-instruct · 07 «ні в якому разі» · 5.4 с · JSON НІ
   модель: {}
   код:    {} · відповідь_людині: 
lapa-v0.1.3-instruct · 08 «куртку чи жакет, не темного кольору» · 5.3 с · JSON НІ
   модель: {}
   код:    {} · відповідь_людині: 
lapa-v0.1.3-instruct · 09 «не ношу куртки, краще пальто чи тренч» · 5.2 с · JSON НІ
   модель: {}
   код:    {} · відповідь_людині: 
lapa-v0.1.3-instruct · 10 «не хочу привертати уваги» · 6.8 с · JSON НІ
   модель: {}
   код:    {} · відповідь_людині: 
