mamaylm-gemma-3-12b-it-v2.0 · 01 «гуляю з собаками в парку, вітер, яскраво хочу одягатись, по-» · 6.0 с · JSON так
   модель: {"нагода": "гуляю з собаками в парку", "місце": "парк", "бажання": ["одягатись яскраво", "по-дівчачому", "ніжний і зручний образ у світлих тонах", "світлі джинси кльош"], "настрій": ["вітер", "яскраво"], "мета": "лестити | експресія"}
   код:    {"місце": "парк", "година": 11, "темп_c": 18, "реєстр_людини": ["романтичний"], "бажання": ["одягатись яскраво", "по-дівчачому", "ніжний і зручний образ у світлих тонах", "світлі джинси кльош"], "настрій": ["вітер", "яскраво"], "намір": "conventional"} · відповідь_людині: 
mamaylm-gemma-3-12b-it-v2.0 · 02 «робочий день в офісі, дрес-код business casual, без підборів» · 2.2 с · JSON так
   модель: {"нагода": "робочий день в офісі", "місце": "офіс", "вето": {"типи": ["підбори"]}}
   код:    {"місце": "офіс_креативний", "година": 11, "темп_c": 18, "вето": {"типи": ["підбори"]}, "намір": "conventional"} · відповідь_людині: 
mamaylm-gemma-3-12b-it-v2.0 · 03 «смужку? ні, клітинку хочу» · 1.8 с · JSON так
   модель: {"бажання": ["клітинку"], "вето": {"принти": ["смужку"]}}
   код:    {"година": 11, "темп_c": 18, "бажання": ["клітинку"], "вето": {"принти": ["смужку"]}, "намір": "conventional"} · відповідь_людині: 
mamaylm-gemma-3-12b-it-v2.0 · 04 «хочу смужку» · 2.1 с · JSON так
   модель: {"бажання": ["смужку"]}
   код:    {"година": 11, "темп_c": 18, "бажання": ["смужку"], "намір": "conventional"} · відповідь_людині: 
mamaylm-gemma-3-12b-it-v2.0 · 05 «люблю смужку. ні» · 0.8 с · JSON так
   модель: {"бажання": ["смужку"], "вето": {"принти": ["ні"]}}
   код:    {"година": 11, "темп_c": 18, "бажання": ["смужку"], "вето": {"принти": ["ні"]}, "намір": "conventional"} · відповідь_людині: 
mamaylm-gemma-3-12b-it-v2.0 · 06 «не хочу темні» · 1.0 с · JSON так
   модель: {"бажання": ["не хочу темні"], "вето": {"кольори": ["темні"]}}
   код:    {"година": 11, "темп_c": 18, "бажання": ["не хочу темні"], "вето": {"кольори": ["темні"]}, "намір": "conventional"} · відповідь_людині: 
mamaylm-gemma-3-12b-it-v2.0 · 07 «ні в якому разі» · 2.4 с · JSON так
   модель: {"настрій": ["негативний", "категоричний"]}
   код:    {"година": 11, "темп_c": 18, "настрій": ["негативний", "категоричний"], "намір": "conventional"} · відповідь_людині: 
mamaylm-gemma-3-12b-it-v2.0 · 08 «куртку чи жакет, не темного кольору» · 1.2 с · JSON так
   модель: {"бажання": ["куртку", "жакет"], "вето": {"кольори": ["темного"]}}
   код:    {"година": 11, "темп_c": 18, "бажання": ["куртку", "жакет"], "вето": {"кольори": ["темного"]}, "намір": "conventional"} · відповідь_людині: 
mamaylm-gemma-3-12b-it-v2.0 · 09 «не ношу куртки, краще пальто чи тренч» · 1.1 с · JSON так
   модель: {"бажання": ["пальто", "тренч"], "вето": {"типи": "куртки"}}
   код:    {"година": 11, "темп_c": 18, "бажання": ["пальто", "тренч"], "вето": {"типи": ["куртка"]}, "намір": "conventional"} · відповідь_людині: 
mamaylm-gemma-3-12b-it-v2.0 · 10 «не хочу привертати уваги» · 2.4 с · JSON так
   модель: {"бажання": ["не привертати уваги"], "мета": "приховати"}
   код:    {"година": 11, "темп_c": 18, "бажання": ["не привертати уваги"], "мета": "приховати", "намір": "conventional"} · відповідь_людині: 
