gemma-4-12b-it-qat · 01 «гуляю з собаками в парку, вітер, яскраво хочу одягатись, по-» · 5.7 с · JSON так
   модель: {"нагода": "гуляю з собаками", "місце": "парк", "бажання": ["яскраво одягнутись", "по-дівчачому", "ніжний образ", "зручний образ", "світлі тони", "світлі джинси кльош"], "настрій": ["яскраво"]}
   код:    {"місце": "парк", "година": 11, "темп_c": 18, "реєстр_людини": ["романтичний"], "бажання": ["яскраво одягнутись", "по-дівчачому", "ніжний образ", "зручний образ", "світлі тони", "світлі джинси кльош"], "настрій": ["яскраво"], "намір": "conventional"} · відповідь_людині: 
gemma-4-12b-it-qat · 02 «робочий день в офісі, дрес-код business casual, без підборів» · 2.3 с · JSON так
   модель: {"нагода": "робочий день", "місце": "офіс", "вето": {"типи": ["підбори"]}}
   код:    {"місце": "офіс_креативний", "година": 11, "темп_c": 18, "вето": {"типи": ["підбори"]}, "намір": "conventional"} · відповідь_людині: 
gemma-4-12b-it-qat · 03 «смужку? ні, клітинку хочу» · 2.4 с · JSON так
   модель: {"бажання": ["клітинку"], "вето": {"типи": ["смужку"]}}
   код:    {"година": 11, "темп_c": 18, "бажання": ["клітинку"], "вето": {"типи": ["смужку"]}, "намір": "conventional"} · відповідь_людині: 
gemma-4-12b-it-qat · 04 «хочу смужку» · 2.2 с · JSON так
   модель: {"бажання": ["смужку"]}
   код:    {"година": 11, "темп_c": 18, "бажання": ["смужку"], "намір": "conventional"} · відповідь_людині: 
gemma-4-12b-it-qat · 05 «люблю смужку. ні» · 2.2 с · JSON так
   модель: {"нагода": "люблю смужку"}
   код:    {"година": 11, "темп_c": 18, "намір": "conventional"} · відповідь_людині: 
gemma-4-12b-it-qat · 06 «не хочу темні» · 0.7 с · JSON так
   модель: {"вето": {"кольори": ["темні"]}}
   код:    {"година": 11, "темп_c": 18, "вето": {"кольори": ["темні"]}, "намір": "conventional"} · відповідь_людині: 
gemma-4-12b-it-qat · 07 «ні в якому разі» · 1.0 с · JSON так
   модель: {}
   код:    {"година": 11, "темп_c": 18, "намір": "conventional"} · відповідь_людині: 
gemma-4-12b-it-qat · 08 «куртку чи жакет, не темного кольору» · 1.2 с · JSON так
   модель: {"бажання": ["куртка", "жакет", "не темного кольору"], "вето": {"кольори": ["темні кольори"]}}
   код:    {"година": 11, "темп_c": 18, "бажання": ["куртка", "жакет", "не темного кольору"], "вето": {"кольори": ["темні кольори"]}, "намір": "conventional"} · відповідь_людині: 
gemma-4-12b-it-qat · 09 «не ношу куртки, краще пальто чи тренч» · 2.5 с · JSON так
   модель: {"бажання": ["пальто", "тренч"], "вето": {"типи": ["куртки"]}}
   код:    {"година": 11, "темп_c": 18, "бажання": ["пальто", "тренч"], "вето": {"типи": ["куртка", "куртки"]}, "намір": "conventional"} · відповідь_людині: 
gemma-4-12b-it-qat · 10 «не хочу привертати уваги» · 2.3 с · JSON так
   модель: {"бажання": ["не хочу привертати уваги"], "мета": "приховати"}
   код:    {"година": 11, "темп_c": 18, "бажання": ["не хочу привертати уваги"], "мета": "приховати", "намір": "conventional"} · відповідь_людині: 
