gemma-4-12b-it-qat · 01 «гуляю з собаками в парку, вітер, яскраво хочу одягатись, по-» · 13.4 с · JSON так
   модель: {"нагода": "прогулянка", "місце": "парк — Надворі (вулиця, парк, набережна)", "година": 11, "темп_c": 18, "реєстр_людини": ["романтичний"], "бажання": ["ніжний і зручний образ у світлих тонах", "по-дівчачому", "світлі джинси кльош"], "настрій": ["ніжний", "зручний"], "мета": "лестити", "намір": "comfort_first"}
   код:    {"нагода": "прогулянка", "місце": "парк", "година": 11, "темп_c": 18, "реєстр_людини": ["романтичний"], "бажання": ["ніжний і зручний образ у світлих тонах", "по-дівчачому", "світлі джинси кльош"], "настрій": ["ніжний", "зручний"], "мета": "лестити", "намір": "comfort_first"} · відповідь_людині: Я зрозуміла, що тобі потрібен ніжний та зручний образ у світлих тонах для прогулянки з собаками.
gemma-4-12b-it-qat · 02 «робочий день в офісі, дрес-код business casual, без підборів» · 9.6 с · JSON так
   модель: {"нагода": "Робота (зустріч, презентація, співбесіда)", "місце": "Офіс", "година": 11, "темп_c": 18, "бажання": ["без підборів"], "настрій": ["робочий"], "намір": "context_optimal"}
   код:    {"нагода": "робота", "місце": "офіс_креативний", "година": 11, "темп_c": 18, "бажання": ["без підборів"], "настрій": ["робочий"], "намір": "context_optimal"} · відповідь_людині: Я зрозуміла, що вам потрібен комфортний та професійний образ для офісу без підборів.
gemma-4-12b-it-qat · 03 «смужку? ні, клітинку хочу» · 8.9 с · JSON так
   модель: {"година": 11, "темп_c": 18, "бажання": ["клітинку хочу"], "настрій": ["клітинка"], "намір": "conventional"}
   код:    {"година": 11, "темп_c": 18, "бажання": ["клітинку хочу"], "вето": {"принти": ["смужка"]}, "настрій": ["клітинка"], "намір": "conventional"} · відповідь_людині: Я зрозуміла, що для образу важлива клітинка.
gemma-4-12b-it-qat · 04 «хочу смужку» · 9.6 с · JSON так
   модель: {"година": 11, "темп_c": 18, "бажання": ["смужка"], "настрій": ["невідомо"], "намір": "conventional"}
   код:    {"година": 11, "темп_c": 18, "бажання": ["смужка"], "намір": "conventional"} · відповідь_людині: Ви обрали образ із смужкою, але мені потрібно уточнити місце та нагоду вашої зустрічі.
gemma-4-12b-it-qat · 05 «люблю смужку. ні» · 10.1 с · JSON так
   модель: {"година": 11, "темп_c": 18, "бажання": ["смужка"], "настрій": ["невідомо"], "намір": "conventional"}
   код:    {"година": 11, "темп_c": 18, "бажання": ["смужка"], "намір": "conventional"} · відповідь_людині: Я зрозуміла, що вам подобається смужка.
gemma-4-12b-it-qat · 06 «не хочу темні» · 10.1 с · JSON так
   модель: {"година": 11, "темп_c": 18, "бажання": ["не хочу темні"], "вето": {"кольори": ["темні"]}, "намір": "conventional"}
   код:    {"година": 11, "темп_c": 18, "бажання": ["не хочу темні"], "вето": {"кольори": ["темні"]}, "намір": "conventional"} · відповідь_людині: Я зрозуміла, що ми віддаємо перевагу світлим відтінках у вашому образі.
gemma-4-12b-it-qat · 07 «ні в якому разі» · 9.0 с · JSON так
   модель: {"година": 11, "темп_c": 18, "намір": "conventional"}
   код:    {"година": 11, "темп_c": 18, "намір": "conventional"} · відповідь_людині: Будь ласка, уточніть деталі вашого виходу, щоб я могла підібрати ідеальний образ.
gemma-4-12b-it-qat · 08 «куртку чи жакет, не темного кольору» · 9.3 с · JSON так
   модель: {"година": 11, "темп_c": 18, "бажання": ["куртка чи жакет", "не темного кольору"], "вето": {"кольори": ["темний"]}, "намір": "conventional"}
   код:    {"година": 11, "темп_c": 18, "бажання": ["куртка чи жакет", "не темного кольору"], "вето": {"кольори": ["темний"]}, "намір": "conventional"} · відповідь_людині: Я зрозуміла, що вам потрібен світлий жакет або куртка для прогулянки чи інших справ.
gemma-4-12b-it-qat · 09 «не ношу куртки, краще пальто чи тренч» · 9.3 с · JSON так
   модель: {"година": 11, "темп_c": 18, "бажання": ["пальто чи тренч"], "вето": {"типи": ["куртки"]}, "намір": "conventional"}
   код:    {"година": 11, "темп_c": 18, "бажання": ["пальто чи тренч"], "вето": {"типи": ["куртка", "куртки"]}, "намір": "conventional"} · відповідь_людині: Я зрозуміла, що ми шукаємо варіант з пальто або тренчем замість куртки.
gemma-4-12b-it-qat · 10 «не хочу привертати уваги» · 9.3 с · JSON так
   модель: {"година": 11, "темп_c": 18, "бажання": ["не хочу привертати уваги"], "настрій": ["стриманий"], "мета": "приховати", "намір": "context_optimal"}
   код:    {"година": 11, "темп_c": 18, "бажання": ["не хочу привертати уваги"], "настрій": ["стриманий"], "мета": "приховати", "намір": "context_optimal"} · відповідь_людині: Я зрозуміла, що головне завдання — створити стриманий образ, який не привертатиме зайвої уваги.
