gemma-4-12b-it-qat · 01 «гуляю з собаками в парку, вітер, яскраво хочу одягатись, по-» · 13.1 с · JSON так
   модель: {"нагода": "прогулянка", "місце": "Надворі (вулиця, парк, набережна)", "година": 11, "темп_c": 18, "реєстр_людини": ["романтичний", "мінімалізм / сканді"], "бажання": ["ніжний і зручний образ у світлих тонах", "по-дівчачому", "світлі джинси кльош"], "настрій": ["ніжний", "зручний"], "мета": "лестити", "намір": "comfort_first"}
   код:    {"нагода": "прогулянка", "місце": "парк", "година": 11, "темп_c": 18, "реєстр_людини": ["романтичний"], "бажання": ["ніжний і зручний образ у світлих тонах", "по-дівчачому", "світлі джинси кльош"], "настрій": ["ніжний", "зручний"], "мета": "лестити", "намір": "comfort_first"} · відповідь_людині: Я зрозуміла, що тобі потрібен ніжний та зручний образ у світлих тонах для прогулянки з собаками.
gemma-4-12b-it-qat · 02 «робочий день в офісі, дрес-код business casual, без підборів» · 8.7 с · JSON так
   модель: {"нагода": "Робота (зустріч, презентація, співбесіда)", "місце": "Офіс", "година": 11, "темп_c": 18, "бажання": ["business casual", "без підборів"], "вето": {"типи": ["підбори"]}, "прикраси": "без прикрас", "намір": "context_optimal"}
   код:    {"нагода": "робота", "місце": "офіс_креативний", "година": 11, "темп_c": 18, "бажання": ["business casual", "без підборів"], "вето": {"типи": ["підбори"]}, "прикраси": "без прикрас", "намір": "context_optimal"} · відповідь_людині: 
gemma-4-12b-it-qat · 03 «смужку? ні, клітинку хочу» · 9.7 с · JSON так
   модель: {"година": 11, "темп_c": 18, "бажання": ["клітинку"], "вето": {"типи": ["смужку"]}}
   код:    {"година": 11, "темп_c": 18, "бажання": ["клітинку"], "вето": {"типи": ["смужку"], "принти": ["смужка"]}, "намір": "conventional"} · відповідь_людині: Я зрозуміла, що вам потрібен образ із кліткою та без смужки.
gemma-4-12b-it-qat · 04 «хочу смужку» · 9.6 с · JSON так
   модель: {"година": 11, "темп_c": 18, "бажання": ["смужка"]}
   код:    {"година": 11, "темп_c": 18, "бажання": ["смужка"], "намір": "conventional"} · відповідь_людині: Будь ласка, уточніть місце та нагоду вашої зустрічі.
gemma-4-12b-it-qat · 05 «люблю смужку. ні» · 9.7 с · JSON так
   модель: {"година": 11, "темп_c": 18, "бажання": ["смужка"]}
   код:    {"година": 11, "темп_c": 18, "бажання": ["смужка"], "намір": "conventional"} · відповідь_людині: Я зрозуміла, що вам подобається смужка.
gemma-4-12b-it-qat · 06 «не хочу темні» · 9.7 с · JSON так
   модель: {"година": 11, "темп_c": 18, "бажання": ["не хочу темні"], "вето": {"кольори": ["темні"]}}
   код:    {"година": 11, "темп_c": 18, "бажання": ["не хочу темні"], "вето": {"кольори": ["темні"]}, "намір": "conventional"} · відповідь_людині: Будь ласка, уточніть місце та подію вашої зустрічі.
gemma-4-12b-it-qat · 07 «ні в якому разі» · 9.1 с · JSON так
   модель: {"година": 11, "темп_c": 18}
   код:    {"година": 11, "темп_c": 18, "намір": "conventional"} · відповідь_людині: Мені потрібно дізнатися більше про те, куди саме ви збираєтеся і яка буде подія.
gemma-4-12b-it-qat · 08 «куртку чи жакет, не темного кольору» · 9.8 с · JSON так
   модель: {"година": 11, "темп_c": 18, "бажання": ["куртка чи жакет", "не темного кольору"], "вето": {"кольори": ["темний колір"]}, "мета": "лестити", "намір": "context_optimal"}
   код:    {"година": 11, "темп_c": 18, "бажання": ["куртка чи жакет", "не темного кольору"], "вето": {"кольори": ["темний колір"]}, "мета": "лестити", "намір": "context_optimal"} · відповідь_людині: Я зрозуміла, що вам потрібна куртка або жакет світлого відтінку.
gemma-4-12b-it-qat · 09 «не ношу куртки, краще пальто чи тренч» · 9.7 с · JSON так
   модель: {"година": 11, "темп_c": 18, "бажання": ["пальто", "тренч"], "вето": {"типи": ["куртки"]}, "мета": "лестити", "намір": "context_optimal"}
   код:    {"година": 11, "темп_c": 18, "бажання": ["пальто", "тренч"], "вето": {"типи": ["куртка", "куртки"]}, "мета": "лестити", "намір": "context_optimal"} · відповідь_людині: Я зрозуміла, що вам підходить пальто або тренч замість куртки.
gemma-4-12b-it-qat · 10 «не хочу привертати уваги» · 9.9 с · JSON так
   модель: {"година": 11, "темп_c": 18, "бажання": ["не хочу привертати уваги"], "настрій": ["не хочу привертати уваги"], "мета": "приховати", "намір": "context_optimal"}
   код:    {"година": 11, "темп_c": 18, "бажання": ["не хочу привертати уваги"], "настрій": ["не хочу привертати уваги"], "мета": "приховати", "намір": "context_optimal"} · відповідь_людині: Будь ласка, уточніть місце та подію, щоб я могла підібрати максимально доречний образ.
