mamaylm-gemma-3-12b-it-v2.0 · 01 «гуляю з собаками в парку, вітер, яскраво хочу одягатись, по-» · 20.5 с · JSON так
   модель: {"місце": "парк", "година": 11, "темп_c": 18, "реєстр_людини": ["стритвер"], "бажання": ["світлі джинси кльош", "по-дівчачому", "зручний образ"], "вето": {"кольори": ["чорний", "білий", "молочний", "вершковий", "сірий", "графіт", "бежевий", "пісочний", "кемел", "коричневий", "шоколадний", "хакі", "оливковий", "хвойний", "зелений", "м'ятний", "петроль", "синій", "блакитний", "темно-синій", "маджента", "сливовий", "фіо
   код:    {"місце": "парк", "година": 11, "темп_c": 18, "реєстр_людини": ["романтичний"], "бажання": ["світлі джинси кльош", "по-дівчачому", "зручний образ"], "вето": {"кольори": ["бежевий", "білий", "вершковий", "графіт", "молочний", "пісочний", "сірий", "чорний"]}, "настрій": ["яскраво", "ніжно"], "мета": "експресія", "намір": "context_optimal"} · відповідь_людині: Ти хочеш яскравий, ніжно-зручний образ у світлих тонах для прогулянки з собаками. Спробуємо його зібрати разом.
mamaylm-gemma-3-12b-it-v2.0 · 02 «робочий день в офісі, дрес-код business casual, без підборів» · 10.9 с · JSON так
   модель: {"місце": "офіс_креативний", "година": 11, "темп_c": 18, "реєстр_людини": [null], "прикраси": ["золото", "срібло"], "мета": "лестити", "намір": "context_optimal"}
   код:    {"місце": "офіс_креативний", "година": 11, "темп_c": 18, "мета": "лестити", "намір": "context_optimal"} · відповідь_людині: Нам потрібно трошки більше деталей. Розкажи, може щось додаси? В мене поки що вийшов образ для комфортного робочого дня в стилі business casual з золотом і сріб
mamaylm-gemma-3-12b-it-v2.0 · 03 «смужку? ні, клітинку хочу» · 12.5 с · JSON так
   модель: {"година": 11, "темп_c": 18, "реєстр_людини": ["стритвер"], "бажання": ["клітинку хочу"], "прикраси": "без прикрас", "мета": "лестити — хоче, щоб личило", "намір": "context_optimal — сама каже, що їй важить доречність і рівень події"}
   код:    {"година": 11, "темп_c": 18, "бажання": ["клітинку хочу"], "вето": {"принти": ["смужка"]}, "намір": "conventional"} · відповідь_людині: Зрозуміла! Ти хочеш клітинку в стилі стритвер з урахуванням погоди. А що ти думаєш про футболки з коміром-стійкою? Можливо, така може доповнити твій образ?
mamaylm-gemma-3-12b-it-v2.0 · 04 «хочу смужку» · 10.9 с · JSON так
   модель: {"місце": "прогулянка", "година": 11, "темп_c": 18, "опади": "ні", "реєстр_людини": ["стритвер"], "бажання": ["смужку"], "настрій": ["легкий", "свіжий"], "прикраси": "без прикрас", "мета": "лестити", "намір": "context_optimal"}
   код:    {"година": 11, "темп_c": 18, "опади": "ні", "бажання": ["смужку"], "настрій": ["легкий", "свіжий"], "прикраси": "без прикрас", "мета": "лестити", "намір": "context_optimal"} · відповідь_людині: 
mamaylm-gemma-3-12b-it-v2.0 · 05 «люблю смужку. ні» · 10.9 с · JSON так
   модель: {"година": 11, "темп_c": 18, "реєстр_людини": ["спор_шик"], "бажання": ["смужка"], "вето": {"принти": ["клітинку"]}, "настрій": ["спокійна", "весела"], "прикраси": "без прикрас", "мета": "експресія", "намір": "comfort_first"}
   код:    {"година": 11, "темп_c": 18, "бажання": ["смужка"], "вето": {"принти": ["клітинку"]}, "настрій": ["спокійна", "весела"], "прикраси": "без прикрас", "мета": "експресія", "намір": "comfort_first"} · відповідь_людині: То ти хочеш бути зручною і спокійною, але при цьому виразити себе. Смужка – хороша ідея! Можеш розповісти більше про захід чи щось конкретніше щодо образу? Буду
mamaylm-gemma-3-12b-it-v2.0 · 06 «не хочу темні» · 10.4 с · JSON так
   модель: {"місце": "спорт", "година": 11, "темп_c": 18, "реєстр_людини": ["спорт_шик"], "бажання": ["комфортний одяг, не темні кольори"], "вето": {"типи": ["темні речі"], "кольори": ["чорний", "темно-синій", "фіолетовий", "марсала"]}, "настрій": ["спокійний"], "прикраси": "без прикрас", "мета": "лестити", "намір": "comfort_first"}
   код:    {"година": 11, "темп_c": 18, "бажання": ["комфортний одяг, не темні кольори"], "вето": {"типи": ["темні речі"], "кольори": ["марсала", "темно-синій", "фіолетовий", "чорний"]}, "настрій": ["спокійний"], "мета": "лестити", "намір": "comfort_first"} · відповідь_людині: Тож, тобі потрібен зручний і не темний образ для ранкової зустрічі у спортклубі. Чи можеш конкретніше розповісти про свої плани?
mamaylm-gemma-3-12b-it-v2.0 · 07 «ні в якому разі» · 10.6 с · JSON так
   модель: {"місце": "дім", "година": 11, "темп_c": 18, "вето": {"типи": ["ні в якому разі"]}, "прикраси": "без прикрас", "мета": "лестити", "намір": "context_optimal"}
   код:    {"година": 11, "темп_c": 18, "вето": {"типи": ["ні в якому разі"]}, "мета": "лестити", "намір": "context_optimal"} · відповідь_людині: Зрозуміло! Сьогодні ти прагнеш комфорту та природності в затишній домашній обстановці. Я зібрала початковий варіант образу на основі твоїх слів, але чекаю від т
mamaylm-gemma-3-12b-it-v2.0 · 08 «куртку чи жакет, не темного кольору» · 9.4 с · JSON так
   модель: {"година": 11, "темп_c": 18, "реєстр_людини": ["стритвер"], "бажання": ["куртку чи жакет, не темного кольору"], "вето": {"кольори": ["темний", "чорний", "сірий", "бордовий", "вишневий", "синій"]}, "прикраси": "без прикрас", "мета": "лестити", "намір": "comfort_first"}
   код:    {"година": 11, "темп_c": 18, "бажання": ["куртку чи жакет, не темного кольору"], "вето": {"кольори": ["бордовий", "вишневий", "синій", "сірий", "темний", "чорний"]}, "прикраси": "без прикрас", "мета": "лестити", "намір": "comfort_first"} · відповідь_людині: 
mamaylm-gemma-3-12b-it-v2.0 · 09 «не ношу куртки, краще пальто чи тренч» · 13.1 с · JSON так
   модель: {"місце": "парк", "година": 11, "темп_c": 18, "реєстр_людини": ["вуркер", "спорт-шик"], "бажання": ["пальто, тренч", "зручності й свободи руху", "нейтральні кольори"], "вето": {"типи": ["куртка"], "кольори": ["яскравий", "світлий"]}, "настрій": ["спокійно"], "прикраси": "без прикрас", "мета": "лестити", "намір": "comfort_first"}
   код:    {"година": 11, "темп_c": 18, "бажання": ["пальто, тренч", "зручності й свободи руху", "нейтральні кольори"], "вето": {"типи": ["куртка"], "кольори": ["світлий", "яскравий"]}, "настрій": ["спокійно"], "мета": "лестити", "намір": "comfort_first"} · відповідь_людині: Вуличний воркер чи спорт-шик з пальтом і зручним одягом для активного відпочинку влітку. Можливо, тобі сподобаються комбінація лосин зі спортивним топом під тре
mamaylm-gemma-3-12b-it-v2.0 · 10 «не хочу привертати уваги» · 11.5 с · JSON НІ
   модель: {}
   код:    {} · відповідь_людині: 
