mamaylm-gemma-3-12b-it-v2.0 · 01 «гуляю з собаками в парку, вітер, яскраво хочу одягатись, по-» · 16.7 с · JSON НІ
   модель: {}
   код:    {} · відповідь_людині: 
mamaylm-gemma-3-12b-it-v2.0 · 02 «робочий день в офісі, дрес-код business casual, без підборів» · 10.6 с · JSON так
   модель: {"нагода": "робота", "місце": "офіс_креативний", "година": 11, "темп_c": 18, "реєстр_людини": ["стритвер"], "вето": {"тканини": ["підбори"]}, "прикраси": "інші | без прикрас", "мета": "лестити", "намір": "context_optimal"}
   код:    {"нагода": "робота", "місце": "офіс_креативний", "година": 11, "темп_c": 18, "вето": {"тканини": ["підбори"]}, "мета": "лестити", "намір": "conventional"} · відповідь_людині: Розумію, що ти хочеш м'який діловий образ без підборів і яскравого макіяжу. Залиш свої побажання щодо прикрас та кольорів, а я тобі допоможу.
mamaylm-gemma-3-12b-it-v2.0 · 03 «смужку? ні, клітинку хочу» · 10.5 с · JSON НІ
   модель: {}
   код:    {} · відповідь_людині: 
mamaylm-gemma-3-12b-it-v2.0 · 04 «хочу смужку» · 10.5 с · JSON так
   модель: {"година": 11, "темп_c": 18, "реєстр_людини": ["мінімалізм"], "бажання": ["хочу смужку"], "прикраси": "без прикрас"}
   код:    {"година": 11, "темп_c": 18, "бажання": ["хочу смужку"], "намір": "conventional"} · відповідь_людині: Зрозуміла, що тобі потрібна сукня в смужку. Розкажи трохи більше про нагоду і дрес-код, тоді я зможу знайти більш конкретний варіант.
mamaylm-gemma-3-12b-it-v2.0 · 05 «люблю смужку. ні» · 9.7 с · JSON так
   модель: {"місце": "парк", "година": 11, "темп_c": 18, "реєстр_людини": ["стритвер", "вокер"], "бажання": ["смужку"], "вето": {"кольори": ["ні"]}, "настрій": ["спокійно", "просто"], "прикраси": "етно", "мета": "експресія", "намір": "context_optimal"}
   код:    {"година": 11, "темп_c": 18, "бажання": ["смужку"], "вето": {"кольори": ["ні"]}, "настрій": ["спокійно", "просто"], "прикраси": "етно", "мета": "експресія", "намір": "context_optimal"} · відповідь_людині: Одягну смужку і поєднаю її з повсякденним образом, який підкреслює твою любов до природи. Залишилось дізнатись трохи більше про настрій та чи є ще якісь деталі 
mamaylm-gemma-3-12b-it-v2.0 · 06 «не хочу темні» · 10.7 с · JSON так
   модель: {"нагода": "щоденне", "місце": "дім", "година": 11, "темп_c": 18, "опади": "ні", "реєстр_людини": ["класика"], "бажання": ["гарно вдягнутися, але не хочу темні кольори; хочу щось комфортне і зручне"], "вето": {"кольори": ["темні"]}, "настрій": ["спокійний", "піднесений"], "прикраси": "без прикрас", "мета": "лестити", "намір": "context_optimal"}
   код:    {"нагода": "щоденне", "година": 11, "темп_c": 18, "опади": "ні", "бажання": ["гарно вдягнутися, але не хочу темні кольори; хочу щось комфортне і зручне"], "вето": {"кольори": ["темні"]}, "настрій": ["спокійний", "піднесений"], "мета": "лестити", "намір": "context_optimal"} · відповідь_людині: Отож, ти прагнеш до спокійного і піднесеного настрою протягом дня. Я подумала про світлий класичний образ з натуральних тканин.
mamaylm-gemma-3-12b-it-v2.0 · 07 «ні в якому разі» · 10.9 с · JSON так
   модель: {"нагода": "робота", "місце": "спорт", "година": 11, "темп_c": 18, "опади": "ні", "реєстр_людини": ["спорт_шик"], "бажання": ["комфортний одяг, який дає свободу рухів"], "настрій": ["енергійний", "спортивний"], "прикраси": "без прикрас", "мета": "лестити", "намір": "context_optimal"}
   код:    {"нагода": "робота", "година": 11, "темп_c": 18, "опади": "ні", "бажання": ["комфортний одяг, який дає свободу рухів"], "настрій": ["енергійний", "спортивний"], "мета": "лестити", "намір": "context_optimal"} · відповідь_людині: Спорт-шик зі зручним кроєм і нейтральними кольорами, плюс помірний поділ ніг — як ти й просила. Розкажи трохи більше, якщо хочеш внести зміни
mamaylm-gemma-3-12b-it-v2.0 · 08 «куртку чи жакет, не темного кольору» · 10.4 с · JSON так
   модель: {"місце": "парк — Надворі (вулиця, парк, набережна)", "година": 11, "темп_c": 18, "реєстр_людини": ["вуркер — воркер / Americana"], "бажання": ["куртка чи жакет", "не темного кольору"], "вето": {"кольори": ["темні"]}, "настрій": ["спокійно", "неформально", "легко"], "прикраси": "без прикрас | етно (перли)", "мета": "лестити", "намір": "context_optimal"}
   код:    {"година": 11, "темп_c": 18, "бажання": ["куртка чи жакет", "не темного кольору"], "вето": {"кольори": ["темні"]}, "настрій": ["спокійно", "неформально", "легко"], "мета": "лестити", "намір": "context_optimal"} · відповідь_людині: Тож тобі потрібен світлий жакет або куртка у стилі воркер для прогулянки в парку. Можемо пошукати щось з етно-акцентами, як перлини.
mamaylm-gemma-3-12b-it-v2.0 · 09 «не ношу куртки, краще пальто чи тренч» · 12.3 с · JSON так
   модель: {"година": 11, "темп_c": 18, "опади": "ні", "реєстр_людини": ["прогулянка", "щоденне"], "бажання": ["пальто чи тренч"], "вето": {"кольори": ["куртка"]}, "настрій": ["спокійний", "комфорт"], "прикраси": "етно", "мета": "лестити", "намір": "context_optimal"}
   код:    {"година": 11, "темп_c": 18, "опади": "ні", "бажання": ["пальто чи тренч"], "вето": {"типи": ["куртка"], "кольори": ["куртка"]}, "настрій": ["спокійний", "комфорт"], "прикраси": "етно", "мета": "лестити", "намір": "context_optimal"} · відповідь_людині: 
mamaylm-gemma-3-12b-it-v2.0 · 10 «не хочу привертати уваги» · 8.1 с · JSON так
   модель: {"нагода": "щоденне", "місце": "дім; парк - надворі (вулиця, парк, набережна)", "година": 11, "темп_c": 18, "опади": "ні", "реєстр_людини": ["спортивні речі, повсякденні"], "бажання": ["комфортний"], "вето": {"типи": ["яскраве й світле"], "кольори": ["світлий", "яскраві кольори"]}, "настрій": ["спокійний", "неформальний"], "прикраси": "без прикрас", "мета": "приховати", "намір": "comfort_first"}
   код:    {"нагода": "щоденне", "година": 11, "темп_c": 18, "опади": "ні", "бажання": ["комфортний"], "вето": {"типи": ["яскраве й світле"], "кольори": ["світлий", "яскраві кольори"]}, "настрій": ["спокійний", "неформальний"], "прикраси": "без прикрас", "мета": "приховати", "намір": "comfort_first"} · відповідь_людині: 
