mamaylm-gemma-3-12b-it-v2.0 · 01 «гуляю з собаками в парку, вітер, яскраво хочу одягатись, по-» · 18.9 с · JSON так
   модель: {"нагода": "прогулянка", "місце": "парк", "година": 11, "темп_c": 18, "бажання": ["яскраво хочу одягатись", "по-дівчачому", "у мене є світлі джинси кльош"], "вето": {"кольори": ["чорний", "білий", "молочний", "вершковий", "сірий", "графіт", "бежевий", "пісочний", "кемел", "коричневий", "шоколадний", "хакі", "оливковий", "хвойний", "зелений", "м'ятний", "петроль", "синій", "блакитний", "темно-синій", "маджента", "слив
   код:    {"нагода": "прогулянка", "місце": "парк", "година": 11, "темп_c": 18, "реєстр_людини": ["романтичний"], "бажання": ["яскраво хочу одягатись", "по-дівчачому", "у мене є світлі джинси кльош"], "вето": {"кольори": ["бежевий", "білий", "вершковий", "графіт", "молочний", "пісочний", "сірий", "чорний"]}, "настрій": ["легкий", "веселий", "безтурботний"], "прикраси": "без прикрас", "мета": "експресія", "намір": "context_opti · відповідь_людині: З огляду на твій вибір світлих джинсів кльош та бажання одягатися яскраво по-дівчачому, я буду шукати легкий і зручний образ у світлих тонах.
mamaylm-gemma-3-12b-it-v2.0 · 02 «робочий день в офісі, дрес-код business casual, без підборів» · 9.2 с · JSON так
   модель: {"нагода": "робота", "місце": "офіс_креативний", "година": 11, "темп_c": 18, "реєстр_людини": ["класика"], "настрій": ["спокійний", "комфортний"], "прикраси": "без прикрас", "мета": "лестити", "намір": "context_optimal"}
   код:    {"нагода": "робота", "місце": "офіс_креативний", "година": 11, "темп_c": 18, "настрій": ["спокійний", "комфортний"], "мета": "лестити", "намір": "context_optimal"} · відповідь_людині: 
mamaylm-gemma-3-12b-it-v2.0 · 03 «смужку? ні, клітинку хочу» · 10.4 с · JSON так
   модель: {"година": 11, "темп_c": 18, "реєстр_людини": ["стритвер"], "бажання": ["клітинку хочу"], "настрій": ["активний", "комфортний"], "прикраси": "етно", "мета": "лестити", "намір": "context_optimal"}
   код:    {"година": 11, "темп_c": 18, "бажання": ["клітинку хочу"], "вето": {"принти": ["смужка"]}, "настрій": ["активний", "комфортний"], "прикраси": "етно", "мета": "лестити", "намір": "context_optimal"} · відповідь_людині: 
mamaylm-gemma-3-12b-it-v2.0 · 04 «хочу смужку» · 9.3 с · JSON так
   модель: {"година": 11, "темп_c": 18, "реєстр_людини": [null], "бажання": ["смужку"], "настрій": ["впевнена"], "прикраси": "без прикрас", "мета": "експресія", "намір": "statement"}
   код:    {"година": 11, "темп_c": 18, "бажання": ["смужку"], "настрій": ["впевнена"], "прикраси": "без прикрас", "мета": "експресія", "намір": "statement"} · відповідь_людині: Добре, що ти обрала температуру і годину. Розкажи детальніше про цю смужку.
mamaylm-gemma-3-12b-it-v2.0 · 05 «люблю смужку. ні» · 12.1 с · JSON так
   модель: {"година": 11, "темп_c": 18, "реєстр_людини": ["мінімалізм"], "бажання": ["смужку, ні"], "настрій": ["спокійний", "розслаблений"], "прикраси": "етно", "мета": "лестити", "намір": "conventional"}
   код:    {"година": 11, "темп_c": 18, "бажання": ["смужку, ні"], "настрій": ["спокійний", "розслаблений"], "прикраси": "етно", "мета": "лестити", "намір": "conventional"} · відповідь_людині: Отже, ти хочеш бути в образі мінімалізму зі смужкою. Цікаво! Може, поділишся деталями нагоди та місця проведення? Тоді я зможу допомогти з більш конкретними іде
mamaylm-gemma-3-12b-it-v2.0 · 06 «не хочу темні» · 11.0 с · JSON так
   модель: {"година": 11, "темп_c": 18, "реєстр_людини": ["класика"], "вето": {"принти": ["темні"]}, "прикраси": "без прикрас", "мета": "лестити", "намір": "conventional"}
   код:    {"година": 11, "темп_c": 18, "прикраси": "без прикрас", "мета": "лестити", "намір": "conventional"} · відповідь_людині: Ок, я зрозуміла: без темних кольорів і бажань. О 18 градусах ми будемо класично одягнені — розкажеш трошки про події та місце?
mamaylm-gemma-3-12b-it-v2.0 · 07 «ні в якому разі» · 12.0 с · JSON так
   модель: {"година": 11, "темп_c": 18, "бажання": ["ні в якому разі"], "настрій": ["спокійна", "свіжа"], "мета": "лестити", "намір": "comfort_first | context_optimal"}
   код:    {"година": 11, "темп_c": 18, "бажання": ["ні в якому разі"], "настрій": ["спокійна", "свіжа"], "мета": "лестити", "намір": "conventional"} · відповідь_людині: Схоже, ти почуваєшся комфортно при +18 і хотіла б спокійно провести день. Я трохи заплуталась з «ні в якому разі» — розкажи мені будь ласка про це детальніше.
mamaylm-gemma-3-12b-it-v2.0 · 08 «куртку чи жакет, не темного кольору» · 12.1 с · JSON НІ
   модель: {}
   код:    {} · відповідь_людині: 
mamaylm-gemma-3-12b-it-v2.0 · 09 «не ношу куртки, краще пальто чи тренч» · 11.9 с · JSON так
   модель: {"місце": "парк", "година": 11, "темп_c": 18, "реєстр_людини": ["casual"], "бажання": ["пальто чи тренч замість куртки"], "настрій": ["комфортний"], "прикраси": "без прикрас", "мета": "лестити", "намір": "context_optimal"}
   код:    {"година": 11, "темп_c": 18, "бажання": ["пальто чи тренч замість куртки"], "вето": {"типи": ["куртка"]}, "мета": "лестити", "намір": "context_optimal"} · відповідь_людині: Звучить як ідеальний день для комфортної та стильної прогулянки! Розповіси, чи є якісь інші деталі?
mamaylm-gemma-3-12b-it-v2.0 · 10 «не хочу привертати уваги» · 14.3 с · JSON НІ
   модель: {}
   код:    {} · відповідь_людині: 
