mamaylm-gemma-3-12b-it-v2.0 · 01 «гуляю з собаками в парку, вітер, яскраво хочу одягатись, по-» · 12.4 с · JSON так
   модель: {"нагода": "прогулянка", "місце": "парк", "година": 11, "темп_c": 18, "реєстр_людини": ["стритвер"], "бажання": ["світлі джинси кльош", "по-дівчачому, ніжний і зручний образ у світлих тонах", "яскраво хочу одягатись"], "настрій": ["веселий", "розслаблений"], "прикраси": "без прикрас", "мета": "експресія", "намір": "context_optimal"}
   код:    {"нагода": "прогулянка", "місце": "парк", "година": 11, "темп_c": 18, "реєстр_людини": ["романтичний"], "бажання": ["світлі джинси кльош", "по-дівчачому, ніжний і зручний образ у світлих тонах", "яскраво хочу одягатись"], "настрій": ["веселий", "розслаблений"], "прикраси": "без прикрас", "мета": "експресія", "намір": "context_optimal"} · відповідь_людині: 
mamaylm-gemma-3-12b-it-v2.0 · 02 «робочий день в офісі, дрес-код business casual, без підборів» · 10.2 с · JSON так
   модель: {"нагода": "робота", "місце": "офіс_креативний", "година": 11, "темп_c": 18, "реєстр_людини": ["класика"], "прикраси": "без прикрас", "мета": "лестити", "намір": "context_optimal"}
   код:    {"нагода": "робота", "місце": "офіс_креативний", "година": 11, "темп_c": 18, "прикраси": "без прикрас", "мета": "лестити", "намір": "context_optimal"} · відповідь_людині: 
mamaylm-gemma-3-12b-it-v2.0 · 03 «смужку? ні, клітинку хочу» · 7.5 с · JSON так
   модель: {"нагода": "робота; прогулянка", "місце": "офіс_креативний; бар", "темп_c": 18, "реєстр_людини": ["casual"], "бажання": ["клітинка, не смужка", "комфортний одяг (не спекотно)"], "настрій": ["легкий", "спокійний"], "прикраси": "без прикрас", "намір": "comfort_first"}
   код:    {"година": 11, "темп_c": 18, "бажання": ["клітинка, не смужка", "комфортний одяг (не спекотно)"], "вето": {"принти": ["смужка"]}, "настрій": ["легкий", "спокійний"], "прикраси": "без прикрас", "намір": "comfort_first"} · відповідь_людині: 
mamaylm-gemma-3-12b-it-v2.0 · 04 «хочу смужку» · 9.9 с · JSON так
   модель: {"нагода": "щоденне", "місце": "парк", "година": 11, "темп_c": 18, "реєстр_людини": ["стритвер"], "бажання": ["смужку"], "настрій": ["комфорт", "стиль"], "прикраси": "без прикрас", "мета": "лестити", "намір": "context_optimal"}
   код:    {"нагода": "щоденне", "година": 11, "темп_c": 18, "бажання": ["смужку"], "настрій": ["комфорт", "стиль"], "прикраси": "без прикрас", "мета": "лестити", "намір": "context_optimal"} · відповідь_людині: 
mamaylm-gemma-3-12b-it-v2.0 · 05 «люблю смужку. ні» · 9.8 с · JSON так
   модель: {"місце": "дім; спорт", "година": 11, "темп_c": 18, "опади": "ні", "реєстр_людини": ["стритвер"], "настрій": ["спокійно", "комфортно"], "мета": "лестити", "намір": "context_optimal"}
   код:    {"година": 11, "темп_c": 18, "опади": "ні", "настрій": ["спокійно", "комфортно"], "мета": "лестити", "намір": "context_optimal"} · відповідь_людині: Зрозуміло, ти шукаєш зручний і ошатний образ у стилі стритвер. Я доберу одяг, який підкреслить твою фігуру та настрій.
mamaylm-gemma-3-12b-it-v2.0 · 06 «не хочу темні» · 14.7 с · JSON так
   модель: {"місце": "дім — Вдома; спорт", "година": 11, "темп_c": 18, "реєстр_людини": ["мінімалізм — мінімалізм / сканді", "спортивні"], "вето": {"типи": ["темні речі"]}, "настрій": ["спокійний", "комфортний"], "прикраси": "без прикрас | невідомо (етно = дерево, кістка, бісер; інші = будь-що без металу, чого не названо окремо)", "мета": "leštiti — хоче, щоб личило | приховати — не хоче привертати уваги чи хоче щось сховати | 
   код:    {"година": 11, "темп_c": 18, "вето": {"типи": ["темні речі"]}, "настрій": ["спокійний", "комфортний"], "намір": "conventional"} · відповідь_людині: Виходячи з того, що ти обрала теплий день і домашній формат, а також твій намір врахувати доречність події, пропоную поєднати комфортний мінімалізм з елементами
mamaylm-gemma-3-12b-it-v2.0 · 07 «ні в якому разі» · 10.7 с · JSON так
   модель: {"година": 19, "темп_c": 18, "опади": "ні", "реєстр_людини": ["класика"], "настрій": ["витончений", "спокійний"], "мета": "лестити"}
   код:    {"година": 11, "темп_c": 18, "опади": "ні", "настрій": ["витончений", "спокійний"], "мета": "лестити", "намір": "conventional"} · відповідь_людині: Враховуючи твій вибір години, температуру і те, що ти хочеш виглядати елегантно, я буду шукати класичні речі з напівформальним стилем.
mamaylm-gemma-3-12b-it-v2.0 · 08 «куртку чи жакет, не темного кольору» · 9.4 с · JSON так
   модель: {"нагода": "прогулянка", "місце": "парк", "година": 11, "темп_c": 18, "опади": "ні", "реєстр_людини": ["стритвер"], "бажання": ["куртка чи жакет", "не темного кольору"], "вето": {"кольори": ["темні"]}, "настрій": ["легкий", "веселий", "комфортний"], "прикраси": "без прикрас", "мета": "лестити", "намір": "context_optimal"}
   код:    {"нагода": "прогулянка", "година": 11, "темп_c": 18, "опади": "ні", "бажання": ["куртка чи жакет", "не темного кольору"], "вето": {"кольори": ["темні"]}, "настрій": ["легкий", "веселий", "комфортний"], "мета": "лестити", "намір": "context_optimal"} · відповідь_людині: Ти обрала світло та комфорт для прогулянки. Залишилось тільки визначити колір твого жакету чи куртки.
mamaylm-gemma-3-12b-it-v2.0 · 09 «не ношу куртки, краще пальто чи тренч» · 11.3 с · JSON так
   модель: {"місце": "парк", "година": 11, "темп_c": 18, "опади": "ні", "реєстр_людини": ["стритвер"], "бажання": ["пальто чи тренч замість куртки; комфортний, але ошатний вигляд", "температура 18°C – тепло, що не потребує додаткового тепла в області плечей."], "вето": {"тканини": ["куртка"]}, "настрій": ["комфортний", "прохолодний"], "мета": "лестити", "намір": "context_optimal"}
   код:    {"година": 11, "темп_c": 18, "опади": "ні", "бажання": ["пальто чи тренч замість куртки; комфортний, але ошатний вигляд", "температура 18°C – тепло, що не потребує додаткового тепла в області плечей."], "вето": {"типи": ["куртка"], "тканини": ["куртка"]}, "настрій": ["комфортний", "прохолодний"], "мета": "лестити", "намір": "context_optimal"} · відповідь_людині: Обираю пальто чи тренч замість куртки, і враховуючи її слова про температуру в 18°C, думаю про стильний стритвер-образ.
mamaylm-gemma-3-12b-it-v2.0 · 10 «не хочу привертати уваги» · 11.2 с · JSON так
   модель: {"нагода": "дім; прогулянка", "місце": "дім; парк — Надворі (вулиця, парк, набережна); прогулянка", "година": 11, "темп_c": 18, "опади": "ні", "реєстр_людини": ["мінімалізм — мінімалізм / сканді"], "бажання": ["не хочу привертати уваги"], "вето": {"кольори": ["яскраве", "світле"]}, "настрій": ["розслаблений", "непомітний"], "прикраси": "без прикрас", "мета": "лестити | приховати — не хоче привертати уваги", "намір": 
   код:    {"година": 11, "темп_c": 18, "опади": "ні", "бажання": ["не хочу привертати уваги"], "вето": {"кольори": ["світле", "яскраве"]}, "настрій": ["розслаблений", "непомітний"], "прикраси": "без прикрас", "намір": "context_optimal"} · відповідь_людині: Гаразд, то зробимо максимально простий та зручний образ. Але щоб був доречним вдома та для прогулянки — подумаємо про якісь базові речі.
