gemma-4-12b-it-qat · 01 «гуляю з собаками в парку, вітер, яскраво хочу одягатись, по-» · 13.1 с · JSON так
   модель: {"нагода": "прогулянка", "місце": "парк", "година": 11, "темп_c": 18, "реєстр_людини": ["романтичний"], "бажання": ["ніжний і зручний образ у світлих тонах", "по-дівчачому", "світлі джинси кльош"], "настрій": ["ніжний", "зручний"], "мета": "лестити", "намір": "comfort_first"}
   код:    {"нагода": "прогулянка", "місце": "парк", "година": 11, "темп_c": 18, "реєстр_людини": ["романтичний"], "бажання": ["ніжний і зручний образ у світлих тонах", "по-дівчачому", "світлі джинси кльош"], "настрій": ["ніжний", "зручний"], "мета": "лестити", "намір": "comfort_first"} · відповідь_людині: Я допоможу зібрати ніжний та зручний образ у світлих тонах для прогулянки з собаками.
gemma-4-12b-it-qat · 02 «робочий день в офісі, дрес-код business casual, без підборів» · 8.7 с · JSON так
   модель: {"нагода": "Робота (зустріч, презентація, співбесіда)", "місце": "Офіс", "година": 11, "темп_c": 18, "бажання": ["business casual", "без підборів"], "вето": {"типи": ["підбори"]}, "прикраси": "без прикрас", "намір": "context_optimal"}
   код:    {"нагода": "робота", "місце": "офіс_креативний", "година": 11, "темп_c": 18, "бажання": ["business casual", "без підборів"], "вето": {"типи": ["підбори"]}, "прикраси": "без прикрас", "намір": "context_optimal"} · відповідь_людині: 
gemma-4-12b-it-qat · 03 «смужку? ні, клітинку хочу» · 9.9 с · JSON так
   модель: {"година": 11, "темп_c": 18, "бажання": ["клітинку хочу"], "вето": {"типи": ["смужку"]}}
   код:    {"година": 11, "темп_c": 18, "бажання": ["клітинку хочу"], "вето": {"типи": ["смужку"], "принти": ["смужка"]}, "намір": "conventional"} · відповідь_людині: Я зрозуміла, що вам потрібен принт у клітинку та відмова від смужки.
gemma-4-12b-it-qat · 04 «хочу смужку» · 10.4 с · JSON так
   модель: {"година": 11, "темп_c": 18, "бажання": ["смужка"]}
   код:    {"година": 11, "темп_c": 18, "бажання": ["смужка"], "намір": "conventional"} · відповідь_людині: Для створення ідеального образу мені потрібно уточнити місце та подію вашої зустрічі.
gemma-4-12b-it-qat · 05 «люблю смужку. ні» · 9.3 с · JSON так
   модель: {"година": 11, "темп_c": 18, "бажання": ["смужка"]}
   код:    {"година": 11, "темп_c": 18, "бажання": ["смужка"], "намір": "conventional"} · відповідь_людині: Я зрозуміла, що вам подобається смужка, але мені потрібно уточнити місце та подію для підбору стилю.
gemma-4-12b-it-qat · 06 «не хочу темні» · 9.4 с · JSON так
   модель: {"година": 11, "темп_c": 18, "бажання": ["не хочу темні"], "вето": {"типи": ["темні кольори"], "кольори": ["темні"]}}
   код:    {"година": 11, "темп_c": 18, "бажання": ["не хочу темні"], "вето": {"типи": ["темні кольори"], "кольори": ["темні"]}, "намір": "conventional"} · відповідь_людині: 
gemma-4-12b-it-qat · 07 «ні в якому разі» · 9.1 с · JSON так
   модель: {"година": 18, "темп_c": 18}
   код:    {"година": 11, "темп_c": 18, "намір": "conventional"} · відповідь_людині: Мені потрібно дізнатися більше про те, куди саме ви збираєтеся і яка буде можливість.
gemma-4-12b-it-qat · 08 «куртку чи жакет, не темного кольору» · 10.6 с · JSON так
   модель: {"година": 11, "темп_c": 18, "бажання": ["куртка чи жакет", "не темного кольору"], "вето": {"кольори": ["темний колір"]}}
   код:    {"година": 11, "темп_c": 18, "бажання": ["куртка чи жакет", "не темного кольору"], "вето": {"кольори": ["темний колір"]}, "намір": "conventional"} · відповідь_людині: Я зрозуміла, що вам потрібен світлий жакет або куртка.
gemma-4-12b-it-qat · 09 «не ношу куртки, краще пальто чи тренч» · 10.3 с · JSON так
   модель: {"година": 11, "темп_c": 18, "бажання": ["пальто чи тренч"], "вето": {"типи": ["куртки"]}}
   код:    {"година": 11, "темп_c": 18, "бажання": ["пальто чи тренч"], "вето": {"типи": ["куртка", "куртки"]}, "намір": "conventional"} · відповідь_людині: Я зрозуміла, що вам підходить пальто або тренч замість куртки.
gemma-4-12b-it-qat · 10 «не хочу привертати уваги» · 9.5 с · JSON так
   модель: {"година": 11, "темп_c": 18, "бажання": ["не хочу привертати уваги"], "мета": "приховати", "намір": "context_optimal"}
   код:    {"година": 11, "темп_c": 18, "бажання": ["не хочу привертати уваги"], "мета": "приховати", "намір": "context_optimal"} · відповідь_людині: Будь ласка, уточніть місце та нагоду зустрічі.
