mamaylm-gemma-3-12b-it-v2.0 · 01 «гуляю з собаками в парку, вітер, яскраво хочу одягатись, по-» · 12.3 с · JSON так
   модель: {"нагода": "прогулянка", "місце": "надворі (вулиця, парк, набережна)", "година": 13, "темп_c": 18, "реєстр_людини": ["романтичний"], "бажання": ["світлі джинси кльош без підборів, зручно для довгої прогулянки"], "вето": {"кольори": ["чорний"]}, "настрій": ["веселий", "ніжний"], "намір": "comfort_first"}
   код:    {"нагода": "прогулянка", "година": 11, "темп_c": 18, "реєстр_людини": ["романтичний"], "бажання": ["світлі джинси кльош без підборів, зручно для довгої прогулянки"], "вето": {"кольори": ["чорний"]}, "настрій": ["веселий", "ніжний"], "намір": "comfort_first"} · відповідь_людині: Точно зрозуміла, що хочеш світлі джинси кльош і почуватися зручно. З цим все гаразд! Якщо захочеш, можу порадити ще якісь деталі.
mamaylm-gemma-3-12b-it-v2.0 · 02 «робочий день в офісі, дрес-код business casual, без підборів» · 9.1 с · JSON так
   модель: {"нагода": "робота", "місце": "офіс_корпоративний", "година": 13, "темп_c": 18, "реєстр_людини": ["романтичний"], "настрій": ["по-дівчачому"], "намір": "conventional"}
   код:    {"нагода": "робота", "місце": "офіс_корпоративний", "година": 11, "темп_c": 18, "настрій": ["по-дівчачому"], "намір": "conventional"} · відповідь_людині: Офісний дрес-код передбачає business casual. Подумаємо про жіночні образи з лаконічними елементами і обов’язково врахуємо твій романтичний смак.
mamaylm-gemma-3-12b-it-v2.0 · 03 «смужку? ні, клітинку хочу» · 11.5 с · JSON так
   модель: {"нагода": "прогулянка", "місце": "надворі", "година": "11", "темп_c": "18", "реєстр_людини": ["мінімалізм"], "бажання": ["клітинку, але не смужку; зручно; без підборів; по-дівчачому"], "вето": {"принти": ["смужка"]}, "настрій": ["легкий", "ніжний", "веселий"], "прикраси": "інші", "намір": "comfort_first"}
   код:    {"нагода": "прогулянка", "година": 11, "темп_c": 18, "бажання": ["клітинку, але не смужку; зручно; без підборів; по-дівчачому"], "вето": {"принти": ["смужка"]}, "настрій": ["легкий", "ніжний", "веселий"], "прикраси": "інші", "намір": "comfort_first"} · відповідь_людині: Прогулянка вдень — то чудовий привід для легкої й комфортної сукні. Я візьму до уваги, що ти не любиш смужку і хочеш по-дівчачому.
mamaylm-gemma-3-12b-it-v2.0 · 04 «хочу смужку» · 10.1 с · JSON так
   модель: {"година": 9, "темп_c": 18, "реєстр_людини": ["мінімалізм"], "бажання": ["смужка", "без підборів", "зручний одяг"], "настрій": ["спокійний", "комфортний"], "мета": "приховати", "намір": "comfort_first"}
   код:    {"година": 11, "темп_c": 18, "бажання": ["смужка", "без підборів", "зручний одяг"], "настрій": ["спокійний", "комфортний"], "мета": "приховати", "намір": "comfort_first"} · відповідь_людині: Зрозуміло! Я підберу зручний і стильний одяг для твого комфорту на ранковій прогулянці.
mamaylm-gemma-3-12b-it-v2.0 · 05 «люблю смужку. ні» · 9.8 с · JSON так
   модель: {"нагода": "прогулянка", "місце": "надворі", "година": 13, "темп_c": 18, "реєстр_людини": ["романтичний"], "вето": {"принти": ["смужку"]}, "настрій": ["легкий", "жіночний"], "намір": "comfort_first"}
   код:    {"нагода": "прогулянка", "година": 11, "темп_c": 18, "вето": {"принти": ["смужку"]}, "настрій": ["легкий", "жіночний"], "намір": "comfort_first"} · відповідь_людині: Зрозуміла — зранку на прогулянці хочеться комфорту та жіночності. Зберу варіанти, якщо даси менше підказок.
mamaylm-gemma-3-12b-it-v2.0 · 06 «не хочу темні» · 8.8 с · JSON так
   модель: {"нагода": "прогулянка", "година": 13, "темп_c": 18, "реєстр_людини": ["романтичний"], "бажання": ["нічого темного", "зручний одяг, без підборів"], "вето": {"кольори": ["темний"]}, "настрій": ["легкий", "романтичний"], "прикраси": "золото", "намір": "comfort_first"}
   код:    {"нагода": "прогулянка", "година": 11, "темп_c": 18, "бажання": ["нічого темного", "зручний одяг, без підборів"], "вето": {"кольори": ["темний"]}, "настрій": ["легкий", "романтичний"], "прикраси": "золото", "намір": "comfort_first"} · відповідь_людині: Ти хочеш щось ніжне та зручне для легкої денної прогулянки.
mamaylm-gemma-3-12b-it-v2.0 · 07 «ні в якому разі» · 12.6 с · JSON так
   модель: {"година": 9, "темп_c": 18, "реєстр_людини": ["casual"], "бажання": ["зручність і свободу руху, нічого зайвого в образі"], "настрій": ["по-дівчачому", "ніжно"], "намір": "comfort_first"}
   код:    {"година": 11, "темп_c": 18, "бажання": ["зручність і свободу руху, нічого зайвого в образі"], "намір": "comfort_first"} · відповідь_людині: Все зрозуміло, нічого не треба казати — я збережу і так. Якщо захочеш уточнити щось з наведених питань чи додати побажань — буду рада.
mamaylm-gemma-3-12b-it-v2.0 · 08 «куртку чи жакет, не темного кольору» · 10.6 с · JSON так
   модель: {"місце": "парк — надворі", "година": 13, "темп_c": 18, "бажання": ["куртку чи жакет, не темного кольору"], "вето": {"кольори": ["темні"]}, "настрій": ["по-дівчачому", "нежно"], "намір": "comfort_first"}
   код:    {"година": 11, "темп_c": 18, "бажання": ["куртку чи жакет, не темного кольору"], "вето": {"кольори": ["темні"]}, "настрій": ["по-дівчачому", "нежно"], "намір": "comfort_first"} · відповідь_людині: Добре, я розумію, тобі потрібен зручний жакет світлого кольору для прогулянки. Можна відповісти на питання вище — а можна й нічого не казати.
mamaylm-gemma-3-12b-it-v2.0 · 09 «не ношу куртки, краще пальто чи тренч» · 1.2 с · JSON НІ
   модель: {}
   код:    {} · відповідь_людині: 
mamaylm-gemma-3-12b-it-v2.0 · 10 «не хочу привертати уваги» · 9.8 с · JSON так
   модель: {"година": 13, "темп_c": 18, "реєстр_людини": ["мінімалізм"], "вето": {"типи": ["підбори"], "кольори": ["яскраве", "світле"]}, "настрій": ["не хочу привертати уваги"], "прикраси": "без прикрас", "мета": "приховати", "намір": "comfort_first"}
   код:    {"година": 11, "темп_c": 18, "вето": {"типи": ["підбори"], "кольори": ["світле", "яскраве"]}, "настрій": ["не хочу привертати уваги"], "мета": "приховати", "намір": "comfort_first"} · відповідь_людині: Я зрозуміла, ти хочеш скромний і немаркий денний наряд. Скажи мені тільки, чи потрібна тобі якась конкретна річ, щоб я могла підібрати правильний варіант.
