mamaylm-gemma-3-12b-it-v2.0 · 01 «гуляю з собаками в парку, вітер, яскраво хочу одягатись, по-» · 12.7 с · JSON так
   модель: {"нагода": "прогулянка", "місце": "парк", "година": 13, "темп_c": 18, "реєстр_людини": ["романтичний"], "бажання": ["зручність", "яскраве", "по-дівчачому", "кльош"], "настрій": ["ніжний", "світлий"], "прикраси": "без прикрас", "мета": "експресія", "намір": "comfort_first"}
   код:    {"нагода": "прогулянка", "місце": "парк", "година": 11, "темп_c": 18, "реєстр_людини": ["романтичний"], "бажання": ["зручність", "яскраве", "по-дівчачому", "кльош"], "настрій": ["ніжний", "світлий"], "мета": "експресія", "намір": "comfort_first"} · відповідь_людині: Окей, розумію! Зберу тобі образ із ніжними романтичними мотивами та зручним фасоном.
mamaylm-gemma-3-12b-it-v2.0 · 02 «робочий день в офісі, дрес-код business casual, без підборів» · 9.2 с · JSON так
   модель: {"нагода": "Робота", "місце": "Офіс", "година": 13, "темп_c": 18, "реєстр_людини": ["класика"], "вето": {"типи": ["підбори"]}, "настрій": ["комфортний", "впевнений"], "прикраси": "без прикрас", "мета": "лестити", "намір": "comfort_first"}
   код:    {"нагода": "робота", "місце": "офіс_креативний", "година": 11, "темп_c": 18, "вето": {"типи": ["підбори"]}, "настрій": ["комфортний", "впевнений"], "прикраси": "без прикрас", "мета": "лестити", "намір": "comfort_first"} · відповідь_людині: Зрозуміла, що для тебе важливий комфорт і стриманий стиль. Якщо потрібна порада, чи можеш сказати, який саме тип образу ти шукаєш?
mamaylm-gemma-3-12b-it-v2.0 · 03 «смужку? ні, клітинку хочу» · 12.3 с · JSON так
   модель: {"нагода": "прогулянка", "місце": "Надворі (вулиця, парк, набережна)", "година": 13, "темп_c": 18, "реєстр_людини": ["романтичний"], "бажання": ["довгий топ з клітинкою, без підборів", "щось по-дівчачому та романтично"], "вето": {"типи": ["смужку"]}, "настрій": ["легкий", "веселий"], "намір": "comfort_first"}
   код:    {"нагода": "прогулянка", "година": 11, "темп_c": 18, "бажання": ["довгий топ з клітинкою, без підборів", "щось по-дівчачому та романтично"], "вето": {"типи": ["смужку"], "принти": ["смужка"]}, "настрій": ["легкий", "веселий"], "намір": "comfort_first"} · відповідь_людині: Так розумію, хочеться чогось простого та зручного на прогулянку. Подивимося кілька ідей, а ти вже вирішиш.
mamaylm-gemma-3-12b-it-v2.0 · 04 «хочу смужку» · 14.1 с · JSON так
   модель: {"година": 11, "темп_c": 18, "реєстр_людини": ["класика"], "бажання": ["смужка", "без підборів"], "настрій": ["спокійна", "свіжа"], "прикраси": "невідомо (етно = дерево, кістка, бісер; інші = будь-що без металу, чого не названо окремо)", "намір": "conventional"}
   код:    {"година": 11, "темп_c": 18, "настрій": ["спокійна", "свіжа"], "намір": "conventional"} · відповідь_людині: Зрозуміла, що хочеш класичний образ зі смужкою та без підборів. Розкажи трошки більше про подію чи формат зустрічі – це допоможе мені скласти більш конкретну ка
mamaylm-gemma-3-12b-it-v2.0 · 05 «люблю смужку. ні» · 13.2 с · JSON так
   модель: {"нагода": "прогулянка", "година": 11, "темп_c": 18, "реєстр_людини": ["мінімалізм"], "вето": {"типи": ["підбори"], "кольори": ["смужка"]}, "настрій": ["спокійний", "розслаблений"], "прикраси": "без прикрас", "намір": "conventional"}
   код:    {"нагода": "прогулянка", "година": 11, "темп_c": 18, "вето": {"типи": ["підбори"], "кольори": ["смужка"]}, "настрій": ["спокійний", "розслаблений"], "прикраси": "без прикрас", "намір": "conventional"} · відповідь_людині: Зрозуміла — зранку будеш у зручному мінімалістичному образі без підборів і смужки. А може, хочеш ще щось додати?
mamaylm-gemma-3-12b-it-v2.0 · 06 «не хочу темні» · 11.1 с · JSON так
   модель: {"година": 9, "темп_c": 18, "реєстр_людини": ["романтичний"], "бажання": ["щоб не було темних кольорів", "комфортний одяг, без підборів", "лаконічне плаття чи костюм"], "вето": {"кольори": ["темний"]}, "настрій": ["ніжно", "по-дівчачому"], "прикраси": "без прикрас", "мета": "лестити", "намір": "comfort_first"}
   код:    {"година": 11, "темп_c": 18, "бажання": ["щоб не було темних кольорів", "комфортний одяг, без підборів", "лаконічне плаття чи костюм"], "вето": {"кольори": ["темний"]}, "настрій": ["ніжно", "по-дівчачому"], "мета": "лестити", "намір": "comfort_first"} · відповідь_людині: Якщо хочеш, можеш сказати, де саме зранку ти будеш і що там заведено одягати — а можна й нічого не казати, зберемо образ так.
mamaylm-gemma-3-12b-it-v2.0 · 07 «ні в якому разі» · 17.8 с · JSON так
   модель: {"година": 11, "темп_c": 18, "реєстр_людини": ["романтичний"], "бажання": ["ніжно-романтичне", "зручне"], "настрій": ["легкий", "свіжий"], "мета": "лестити", "намір": "comfort_first (зручність і свобода руху важать понад усе)"}
   код:    {"година": 11, "темп_c": 18, "бажання": ["ніжно-романтичне", "зручне"], "настрій": ["легкий", "свіжий"], "мета": "лестити", "намір": "conventional"} · відповідь_людині: Одягнемо щось зручне та романтичне, щоб було добре на ногах. Або можеш сказати мені більше про подію чи місце, тоді буде ще краще.
mamaylm-gemma-3-12b-it-v2.0 · 08 «куртку чи жакет, не темного кольору» · 1.8 с · JSON НІ
   модель: {}
   код:    {} · відповідь_людині: 
mamaylm-gemma-3-12b-it-v2.0 · 09 «не ношу куртки, краще пальто чи тренч» · 12.5 с · JSON так
   модель: {"нагода": "робота", "місце": "офіс_креативний", "година": 13, "темп_c": 18, "реєстр_людини": ["класика"], "бажання": ["комфортний тренч, щоб не тисло"], "вето": {"принти": ["курток"]}, "настрій": ["по-дівчачому", "ніжно"], "прикраси": "золото", "мета": "лестити", "намір": "context_optimal"}
   код:    {"нагода": "робота", "година": 11, "темп_c": 18, "бажання": ["комфортний тренч, щоб не тисло"], "вето": {"типи": ["куртка"], "принти": ["курток"]}, "настрій": ["по-дівчачому", "ніжно"], "прикраси": "золото", "мета": "лестити", "намір": "context_optimal"} · відповідь_людині: Зрозуміла! Підготую тобі комфортний бізнес-кежуал образ з класикою, щоб ти чудово почувалася на зустрічі. Чекатиму твої відповіді на мої питання!
mamaylm-gemma-3-12b-it-v2.0 · 10 «не хочу привертати уваги» · 4.1 с · JSON НІ
   модель: {}
   код:    {} · відповідь_людині: 
