gemma-4-12b-it-qat · 01 «гуляю з собаками в парку, вітер, яскраво хочу одягатись, по-» · 10.3 с · JSON так
   модель: {"нагода": "прогулянка", "місце": "Надворі (вулиця, парк, набережна)", "година": 11, "темп_c": 18, "реєстр_людини": ["романтичний"], "бажання": ["яскраво", "по-дівчачому", "ніжний", "зручний образ у світлих тонах"], "настрій": ["яскраво", "ніжно"], "намір": "conventional"}
   код:    {"нагода": "прогулянка", "місце": "парк", "година": 11, "темп_c": 18, "реєстр_людини": ["романтичний"], "бажання": ["яскраво", "по-дівчачому", "ніжний", "зручний образ у світлих тонах"], "настрій": ["яскраво", "ніжно"], "намір": "conventional"} · відповідь_людині: 
gemma-4-12b-it-qat · 02 «робочий день в офісі, дрес-код business casual, без підборів» · 8.0 с · JSON так
   модель: {"нагода": "Робота (зустріч, презентація, співбесіда)", "місце": "Офіс", "година": 11, "темп_c": 18, "бажання": ["без підборів"], "вето": {"типи": ["підбори"]}, "настрій": ["невідомо"], "намір": "comfort_first"}
   код:    {"нагода": "робота", "місце": "офіс_креативний", "година": 11, "темп_c": 18, "бажання": ["без підборів"], "вето": {"типи": ["підбори"]}, "намір": "comfort_first"} · відповідь_людині: Я зрозуміла, що тобі потрібен комфортний образ для роботи в офісі без підборів.
gemma-4-12b-it-qat · 03 «смужку? ні, клітинку хочу» · 7.2 с · JSON так
   модель: {"година": 11, "темп_c": 18, "бажання": ["клітинка"], "вето": {"принти": ["смужка"]}, "настрій": ["невідомо"], "намір": "conventional"}
   код:    {"година": 11, "темп_c": 18, "бажання": ["клітинка"], "вето": {"принти": ["смужка"]}, "настрій": ["невідомо"], "намір": "conventional"} · відповідь_людині: Я зрозуміла, що тобі потрібен принт у клітинку замість смужки.
gemma-4-12b-it-qat · 04 «хочу смужку» · 8.6 с · JSON так
   модель: {"година": 11, "темп_c": 18, "бажання": ["смужка"], "намір": "conventional"}
   код:    {"година": 11, "темп_c": 18, "бажання": ["смужка"], "намір": "conventional"} · відповідь_людині: Я зрозуміла, що ти хочеш образ зі смужкою.
gemma-4-12b-it-qat · 05 «люблю смужку. ні» · 7.3 с · JSON так
   модель: {"година": 11, "темп_c": 18, "бажання": ["смужка"], "вето": {"принти": ["ні"]}, "настрій": ["невідомо"], "намір": "conventional"}
   код:    {"година": 11, "темп_c": 18, "бажання": ["смужка"], "вето": {"принти": ["ні"]}, "намір": "conventional"} · відповідь_людині: Я зрозуміла, що ти хочеш образ зі смужкою, але мені потрібно уточнити місце та вимоги до одягу.
gemma-4-12b-it-qat · 06 «не хочу темні» · 7.9 с · JSON так
   модель: {"година": 11, "темп_c": 18, "бажання": ["світлі кольори"], "вето": {"кольори": ["темні"]}, "намір": "conventional"}
   код:    {"година": 11, "темп_c": 18, "бажання": ["світлі кольори"], "вето": {"кольори": ["темні"]}, "намір": "conventional"} · відповідь_людині: Я зрозуміла, що тобі потрібен світлий образ без темних відтінків.
gemma-4-12b-it-qat · 07 «ні в якому разі» · 7.5 с · JSON так
   модель: {"година": 11, "темп_c": 18, "бажання": ["ні в якому разі"], "настрій": ["ні в якому разі"], "намір": "conventional"}
   код:    {"година": 11, "темп_c": 18, "бажання": ["ні в якому разі"], "настрій": ["ні в якому разі"], "намір": "conventional"} · відповідь_людині: Я зрозуміла твій настрій «ні в якому разі», але мені потрібно уточнити місце та вимоги до одягу.
gemma-4-12b-it-qat · 08 «куртку чи жакет, не темного кольору» · 9.1 с · JSON так
   модель: {"година": 11, "темп_c": 18, "бажання": ["куртка чи жакет", "не темного кольору"], "вето": {"типи": ["темний колір"], "кольори": ["чорний", "сірий", "темно-синій"]}, "намір": "conventional"}
   код:    {"година": 11, "темп_c": 18, "бажання": ["куртка чи жакет", "не темного кольору"], "вето": {"типи": ["темний колір"], "кольори": ["сірий", "темно-синій", "чорний"]}, "намір": "conventional"} · відповідь_людині: Я зрозуміла, що тобі потрібен світлий верхній одяг (куртка або жакет), а взуття має бути зручним.
gemma-4-12b-it-qat · 09 «не ношу куртки, краще пальто чи тренч» · 7.2 с · JSON так
   модель: {"година": 11, "темп_c": 18, "бажання": ["пальто чи тренч"], "вето": {"типи": ["куртки"]}, "настрій": ["невідомо"], "намір": "conventional"}
   код:    {"година": 11, "темп_c": 18, "бажання": ["пальто чи тренч"], "вето": {"типи": ["куртка", "куртки"]}, "намір": "conventional"} · відповідь_людині: Я зрозуміла, що тобі підходить пальто або тренч замість куртки.
gemma-4-12b-it-qat · 10 «не хочу привертати уваги» · 7.7 с · JSON так
   модель: {"година": 11, "темп_c": 18, "бажання": ["не привертати уваги"], "настрій": ["стриманий"], "мета": "приховати", "намір": "conventional"}
   код:    {"година": 11, "темп_c": 18, "бажання": ["не привертати уваги"], "настрій": ["стриманий"], "мета": "приховати", "намір": "conventional"} · відповідь_людині: Я зрозуміла, що твоя мета — виглядати стримано та не виділятися.
