МОДЕЛЬ ЖИВА: mamaylm-gemma-3-12b-it-v2.0 · http://127.0.0.1:1234/v1 · reasoning_effort=none · відповіді → C:\Users\Admin\stend-nout\vidpovidi-mamaylm-gemma-3-12b-it-v2.0
   → у мережу (FOTO=1): https://cdn.jsdelivr.net/gh/MacPaw/Fixel@main/fonts/webfonts/FixelText-Medium.woff2
   → у мережу (FOTO=1): https://cdn.jsdelivr.net/gh/MacPaw/Fixel@main/fonts/webfonts/FixelText-Regular.woff2
   → у мережу (FOTO=1): https://cdn.jsdelivr.net/gh/MacPaw/Fixel@main/fonts/webfonts/FixelText-SemiBold.woff2
   → у мережу (FOTO=1): https://cdn.jsdelivr.net/gh/MacPaw/Fixel@main/fonts/webfonts/FixelDisplay-SemiBold.woff2
сторінка піднята за 0.9 с · збірка: 2026-10-08 09:06 · модулів 154 · показ ПОВНИЙ · єдина сторінка: true

0. знайомство · крок 1 «Про тебе»: {"режим":"старт","екран":0,"видно":["е-профіль"],"кнопка":"Далі"}
  ✔ крок 1: кольори лягли ручним шляхом сторінки («Застосувати кольори»)
   знімок: C:\Users\Admin\kod-shi-wt\noutbuk-stend-1\аудит\ноутбук_стенд_1\mamaylm-gemma-3-12b-it-v2.0\знімки\ekran_znaiomstvo_1_pro_tebe_seed3.png 103960 Б
   крок 2 «Що тобі до лиця»: {"режим":"старт","екран":1,"видно":["е-лице"],"кнопка":"Далі"}
   знімок: C:\Users\Admin\kod-shi-wt\noutbuk-stend-1\аудит\ноутбук_стенд_1\mamaylm-gemma-3-12b-it-v2.0\знімки\ekran_znaiomstvo_2_do_lytsia_seed3.png 63209 Б
   крок 3 «Фігура»: {"режим":"старт","екран":2,"видно":["е-мірки"],"кнопка":"Готово"}
  ✔ знайомство — рівно три кроки, і «Готово» стоїть лише на третьому
   знімок: C:\Users\Admin\kod-shi-wt\noutbuk-stend-1\аудит\ноутбук_стенд_1\mamaylm-gemma-3-12b-it-v2.0\знімки\ekran_znaiomstvo_3_fihura_seed3.png 31370 Б
   «Готово» → {"режим":"сценарій","екран":2,"видно":["е-випадок"],"лист":true,"підказка":"Напиши, як подрузі: куди йдеш, коли, яка погода, чого хочеш і чого не хочеш. Я складу сценарій, а ти поправиш, що треба.","питання":"Куди ти збираєшся?","рукою":"Або заповнити рукою","прикладів":3,"дії_панелі":false,"картка":false,"зібрати":null} за 2.1 с
  ✔ після «Готово» — екран сценарію v5: аркуш листа з полем, питання «Куди ти збираєшся?», «Або заповнити рукою»; дій панелі нема, отже репліка піде замовленням, а не в помічницю
   знімок: C:\Users\Admin\kod-shi-wt\noutbuk-stend-1\аудит\ноутбук_стенд_1\mamaylm-gemma-3-12b-it-v2.0\знімки\ekran_scenarii_porozhnii_seed3.png 41537 Б
   ↔ модель #1 мовний шар: хід розмови (22028 симв., разом 22725) → 174.0 с · HTTP 200 · 593 симв.

1. чат → паспорт за 179.2 с · pyodide тягнув: ["pyodide.js","python_stdlib.zip","pyodide.asm.wasm","pyodide-lock.json","pyodide.asm.js"]
  ✗ чат заповнив плитки з паспорта моделі (нагода=робота; чинне місце — офіс корпоративний)  →  {"нагода":"робота","місце":"","чинне_місце":"офіс","чипи":[],"зрозуміла":"Усе правильно?такпоправити","зрозуміла_слова":["так","поправити"],"випадок_рядком":"робота, стояти, дрес-код «ділово, м'яко»","рядки_картки":{"нагода":"Робота","місце":"Офіс — типово для нагоди","зони_вето":""},"паспорт":{"джерело":"модель","нагода":"робота","місце":null,"подія":"","вето":{"типи":[],"тканини":[],"принти":[],
  ✗ вето з чату («без підборів») лягло в паспорт і дійшло до моделі: випадок моделі несе «підбори»  →  "робота, стояти, дрес-код «ділово, м'яко»"
  ✗ рядок підтвердження стоїть («Усе правильно?» + «так»/«поправити»), і випадок, з якого він піднявся, — з паспорта (той самий рядок їде в журнал)  →  {"зрозуміла":"Усе правильно?такпоправити","слова":["так","поправити"],"випадок":"робота, стояти, дрес-код «ділово, м'яко»","рядки":{"нагода":"Робота","місце":"Офіс — типово для нагоди","зони_вето":""}}
  ✔ паспорт із перекладу (слова → внутрішня мова → паспорт кодом), питань моделі в паспорті нема (Т-18)
  ✔ М-5: хід розмови — один виклик мовної моделі (запис «розмова» з внутрішньою мовою й частинами); другий — лише коли зміст дає код; у бульбашці — текст після суду коду
  ✗ порада (рядки 108/114): тем за хід 1…3 — запрошення моделі розмови, пропущене судом коду, без повторів (`поради_дані`)  →  {"дані":[],"теми":[],"відкинуто":[{"частина":"invite","чому":"topic_not_allowed","теми":["goal"],"дозволені":["makeup","jewelry","register"]}]}
  ✔ до збирання нічого не бракує
   знімок чату: C:\Users\Admin\kod-shi-wt\noutbuk-stend-1\аудит\ноутбук_стенд_1\mamaylm-gemma-3-12b-it-v2.0\знімки\chat_108_seed3.png 11800 Б

1б. екран «Палітра» за 179.4 с · стан: "Основа — обере стилістка · схема — обере стилістка · гама — обере стилістка"
   чипів основи: рекомендованих 7 · у розкривачі «не радимо, але можна» 25 · гам 4 · схем 7 · основ у смузі «середні» 7
   сім'ї по порядку: ["червона","синя","фіолетова","нейтраль"] · чипи: ["червона","червона","синя","фіолетова","фіолетова","нейтраль","нейтраль"]
  ✔ екран «Палітра» відкрився рядком картки і дає рекомендовані основи (рядок «Основа — головний колір», чипи з сім'єю), вибір лишився за стилісткою
  ✔ кожен чип «нейтраль» — справді нейтраль: сім'я з коду, тег у підписі і C* нижче межі кажуть одне
  ✔ чипи основ стоять КУПНО ПО СІМ'ЯХ і в сталому порядку (жодна сім'я не двома клаптями)
   ↔ модель #3 мовний шар (4839 симв., разом 5110) → 90.7 с · HTTP 200 · 1304 симв.
   ↔ модель #4 мовний шар: хід розмови (22269 симв., разом 22988) → 100.6 с · HTTP 200 · 214 симв.
   ↔ модель #4 вибір палітри (стилістка) (7608 симв., разом 8589) → 50.7 с · HTTP 200 · 166 симв.
   П-7 вибір стилістки на екрані: {"стан":"Основа — білий світлий · нейтраль (обрала стилістка) · схема — аналогова (обрала стилістка) · гама — насичені (обрала стилістка)","нота":"Доки ти не обереш, я підберу схему та основу для твоєї нагоди. Я раджу тобі чотири варіанти, з яких два — менш ходові.","стрічка":"основа від стилістки · схема від стилістки","чип_схеми":"хай обере стилістка","позначені":["насичені","білий світлий · нейтраль · стилістка","аналогова · найходовіша"],"код_на_екрані":false,"вибір":null,"гілка":null,"схема":null}
   знімок: C:\Users\Admin\kod-shi-wt\noutbuk-stend-1\аудит\ноутбук_стенд_1\mamaylm-gemma-3-12b-it-v2.0\знімки\ekran_palitra_seed3.png 177538 Б

1е. чи можна натиснути «Зібрати образи» (рядок 183): {"під_пальцем_кнопка":true,"під_нижнім_краєм":true,"панель_fixed":true,"на_всю_ширину":true,"запас_px":65,"панель_висота":274,"відступ_body":"294px","вікно":844,"прокрутка":305}
  ✔ «Зібрати образи» відкрита для дотику: у точці пальця — сама кнопка, а не панель (рядок 183)
  ✔ і під нею лишається місце: низ кнопки вище за верх панелі на прокрученій до низу сторінці
   знімок: C:\Users\Admin\kod-shi-wt\noutbuk-stend-1\аудит\ноутбук_стенд_1\mamaylm-gemma-3-12b-it-v2.0\знімки\scenarii_knopka_nad_panelliu_seed3.png 35566 Б
   знімок: C:\Users\Admin\kod-shi-wt\noutbuk-stend-1\аудит\ноутбук_стенд_1\mamaylm-gemma-3-12b-it-v2.0\знімки\zbyrannia_01_seed3.png 40686 Б
   знімок: C:\Users\Admin\kod-shi-wt\noutbuk-stend-1\аудит\ноутбук_стенд_1\mamaylm-gemma-3-12b-it-v2.0\знімки\zbyrannia_02_seed3.png 41169 Б
   знімок: C:\Users\Admin\kod-shi-wt\noutbuk-stend-1\аудит\ноутбук_стенд_1\mamaylm-gemma-3-12b-it-v2.0\знімки\zbyrannia_03_seed3.png 40735 Б
   знімок: C:\Users\Admin\kod-shi-wt\noutbuk-stend-1\аудит\ноутбук_стенд_1\mamaylm-gemma-3-12b-it-v2.0\знімки\zbyrannia_04_seed3.png 41273 Б
   знімок: C:\Users\Admin\kod-shi-wt\noutbuk-stend-1\аудит\ноутбук_стенд_1\mamaylm-gemma-3-12b-it-v2.0\знімки\zbyrannia_05_seed3.png 40640 Б
   знімок: C:\Users\Admin\kod-shi-wt\noutbuk-stend-1\аудит\ноутбук_стенд_1\mamaylm-gemma-3-12b-it-v2.0\знімки\zbyrannia_06_seed3.png 40709 Б
   знімок: C:\Users\Admin\kod-shi-wt\noutbuk-stend-1\аудит\ноутбук_стенд_1\mamaylm-gemma-3-12b-it-v2.0\знімки\zbyrannia_07_seed3.png 40745 Б
   знімок: C:\Users\Admin\kod-shi-wt\noutbuk-stend-1\аудит\ноутбук_стенд_1\mamaylm-gemma-3-12b-it-v2.0\знімки\zbyrannia_08_seed3.png 41248 Б
   ↔ модель #7 мовний шар (5128 симв., разом 5419) → 88.1 с · HTTP 200 · 1212 симв.
   ↔ модель #7 вибір палітри (стилістка) (7608 симв., разом 8589) → 131.6 с · HTTP 200 · 186 симв.
   ↔ модель #7 мовний шар: хід розмови (22274 симв., разом 22995) → 140.7 с · HTTP 200 · 214 симв.
   ↔ модель #11 проза: рука 3/4 (1100 симв., разом 1233) → 16.8 с · HTTP 200 · 918 симв.
   ↔ модель #12 проза: рука 3/4 (760 симв., разом 855) → 24.9 с · HTTP 200 · 652 симв.
   рука 1: картка за не дочекався (900 с) (від запити) · намір паспорта conventional
стенд не піднявся: page.waitForFunction: Timeout 900000ms exceeded.
    at C:\Users\Admin\kod-shi-wt\noutbuk-stend-1\аудит\проби\рв6_стенд.js:3132:14 {
  log: [],
  name: 'TimeoutError'
}

ЖИВА МОДЕЛЬ mamaylm-gemma-3-12b-it-v2.0: викликів 9 · збоїв 0 · у стелю виводу 0 · з думкою 0 · разом 818.1 с (найдовший 174 с)
   · мовний шар: хід розмови — HTTP 200 · 174 с · вхід 5597 т. · вихід за лічильником CLI (з міркуванням) 213 т., видимих ≤ 297 т. · 593 симв.
   · мовний шар — HTTP 200 · 90.7 с · вхід 1518 т. · вихід за лічильником CLI (з міркуванням) 445 т., видимих ≤ 652 т. · 1304 симв.
   · мовний шар: хід розмови — HTTP 200 · 100.6 с · вхід 5672 т. · вихід за лічильником CLI (з міркуванням) 84 т., видимих ≤ 107 т. · 214 симв.
   · вибір палітри (стилістка) — HTTP 200 · 50.7 с · вхід 2468 т. · вихід за лічильником CLI (з міркуванням) 68 т., видимих ≤ 83 т. · 166 симв.
   · мовний шар — HTTP 200 · 88.1 с · вхід 1608 т. · вихід за лічильником CLI (з міркуванням) 412 т., видимих ≤ 606 т. · 1212 симв.
   · вибір палітри (стилістка) — HTTP 200 · 131.6 с · вхід 2468 т. · вихід за лічильником CLI (з міркуванням) 83 т., видимих ≤ 93 т. · 186 симв.
   · мовний шар: хід розмови — HTTP 200 · 140.7 с · вхід 5676 т. · вихід за лічильником CLI (з міркуванням) 84 т., видимих ≤ 107 т. · 214 симв.
   · проза: рука 3/4 — HTTP 200 · 16.8 с · вхід 353 т. · вихід за лічильником CLI (з міркуванням) 206 т., видимих ≤ 459 т. · 918 симв.
   · проза: рука 3/4 — HTTP 200 · 24.9 с · вхід 216 т. · вихід за лічильником CLI (з міркуванням) 150 т., видимих ≤ 326 т. · 652 симв.

фрази нових правил у ПОВНОМУ тексті пакета (усі виклики моделі цього сіда): {"намір=comfort_first (у переліку значень поля)":3,"намір=context_optimal (у переліку значень поля)":3}

ВПАЛО 5 · прогін обірвався на кидку (див. «стенд не піднявся» вище); підсумок моделі надруковано
