START 2026-06-26T21:22:59.7499703+03:00
--- flux-2-klein-base-4b.safetensors START 2026-06-26T21:22:59.7916116+03:00
flux-2-klein-base-4b.safetensors TOTAL 7751105712
flux-2-klein-base-4b.safetensors 1024MB 13.9%
flux-2-klein-base-4b.safetensors 2048MB 27.7%
flux-2-klein-base-4b.safetensors 3072MB 41.6%
flux-2-klein-base-4b.safetensors 4096MB 55.4%
flux-2-klein-base-4b.safetensors 5120MB 69.3%
flux-2-klein-base-4b.safetensors 6144MB 83.1%
flux-2-klein-base-4b.safetensors 7168MB 97%
flux-2-klein-base-4b.safetensors DONE bytes=7751105712 expected=7751105712 ok=True
--- qwen_3_4b.safetensors START 2026-06-26T21:32:24.3664462+03:00
qwen_3_4b.safetensors TOTAL 8044982048
qwen_3_4b.safetensors 1024MB 13.3%
qwen_3_4b.safetensors 2048MB 26.7%
qwen_3_4b.safetensors 3072MB 40%
qwen_3_4b.safetensors 4096MB 53.4%
qwen_3_4b.safetensors 5120MB 66.7%
qwen_3_4b.safetensors 6144MB 80.1%
qwen_3_4b.safetensors 7168MB 93.4%
qwen_3_4b.safetensors DONE bytes=8044982048 expected=8044982048 ok=True
--- flux2-vae.safetensors START 2026-06-26T21:39:28.2089051+03:00
flux2-vae.safetensors TOTAL 336211292
flux2-vae.safetensors DONE bytes=336211292 expected=336211292 ok=True
ALL DONE 2026-06-26T21:40:44.2536115+03:00
