START 2026-06-26T21:38:11.2109768+03:00
--- hidream_o1_image_dev_fp8_scaled.safetensors START 2026-06-26T21:38:11.2216214+03:00
hidream_o1_image_dev_fp8_scaled.safetensors TOTAL 8067535296
hidream_o1_image_dev_fp8_scaled.safetensors 1024MB 13.3%
hidream_o1_image_dev_fp8_scaled.safetensors 2048MB 26.6%
hidream_o1_image_dev_fp8_scaled.safetensors 3072MB 39.9%
hidream_o1_image_dev_fp8_scaled.safetensors 4096MB 53.2%
hidream_o1_image_dev_fp8_scaled.safetensors 5120MB 66.5%
hidream_o1_image_dev_fp8_scaled.safetensors 6144MB 79.9%
hidream_o1_image_dev_fp8_scaled.safetensors 7168MB 93.2%
hidream_o1_image_dev_fp8_scaled.safetensors DONE bytes=8067535296 expected=8067535296 ok=True
--- gemma4_e4b_it_fp8_scaled.safetensors START 2026-06-26T21:45:36.5427976+03:00
gemma4_e4b_it_fp8_scaled.safetensors TOTAL 9057782194
gemma4_e4b_it_fp8_scaled.safetensors 1024MB 11.9%
gemma4_e4b_it_fp8_scaled.safetensors 2048MB 23.7%
gemma4_e4b_it_fp8_scaled.safetensors 3072MB 35.6%
gemma4_e4b_it_fp8_scaled.safetensors 4096MB 47.4%
gemma4_e4b_it_fp8_scaled.safetensors 5120MB 59.3%
gemma4_e4b_it_fp8_scaled.safetensors 6144MB 71.1%
gemma4_e4b_it_fp8_scaled.safetensors 7168MB 83%
gemma4_e4b_it_fp8_scaled.safetensors 8192MB 94.8%
gemma4_e4b_it_fp8_scaled.safetensors DONE bytes=9057782194 expected=9057782194 ok=True
ALL DONE 2026-06-26T21:53:45.7992154+03:00
