START 2026-06-26T15:41:26.6897465+03:00
TOTAL 11904640136
PROGRESS 512MB / 11353MB  4.5%  13.6MB/s
PROGRESS 1024MB / 11353MB  9%  13.2MB/s
PROGRESS 1536MB / 11353MB  13.5%  14.6MB/s
PROGRESS 2048MB / 11353MB  18%  15.9MB/s
PROGRESS 2560MB / 11353MB  22.5%  17.1MB/s
PROGRESS 3072MB / 11353MB  27.1%  17.5MB/s
PROGRESS 3584MB / 11353MB  31.6%  18.1MB/s
PROGRESS 4096MB / 11353MB  36.1%  18.5MB/s
PROGRESS 4608MB / 11353MB  40.6%  18.8MB/s
PROGRESS 5120MB / 11353MB  45.1%  19.2MB/s
PROGRESS 5632MB / 11353MB  49.6%  19.4MB/s
PROGRESS 6144MB / 11353MB  54.1%  19.4MB/s
PROGRESS 6656MB / 11353MB  58.6%  19MB/s
PROGRESS 7168MB / 11353MB  63.1%  19.1MB/s
PROGRESS 7680MB / 11353MB  67.6%  19.1MB/s
PROGRESS 8192MB / 11353MB  72.2%  19.2MB/s
PROGRESS 8704MB / 11353MB  76.7%  19.4MB/s
PROGRESS 9216MB / 11353MB  81.2%  19.5MB/s
PROGRESS 9728MB / 11353MB  85.7%  19.6MB/s
PROGRESS 10240MB / 11353MB  90.2%  19.7MB/s
PROGRESS 10752MB / 11353MB  94.7%  19.9MB/s
PROGRESS 11264MB / 11353MB  99.2%  19.9MB/s
DONE bytes=11904640136 expected=11904640136 ok=True elapsed=9.5min
