START 2026-06-26T20:04:07.7929139+03:00
--- omnigen2_fp16.safetensors START 2026-06-26T20:04:07.8271564+03:00
omnigen2_fp16.safetensors TOTAL 7934384176
omnigen2_fp16.safetensors 1024MB / 7567MB  13.5%  11.9MB/s
omnigen2_fp16.safetensors 2048MB / 7567MB  27.1%  11.4MB/s
omnigen2_fp16.safetensors 3072MB / 7567MB  40.6%  11.5MB/s
omnigen2_fp16.safetensors 4096MB / 7567MB  54.1%  11.3MB/s
omnigen2_fp16.safetensors 5120MB / 7567MB  67.7%  11.2MB/s
omnigen2_fp16.safetensors 6144MB / 7567MB  81.2%  11.7MB/s
omnigen2_fp16.safetensors 7168MB / 7567MB  94.7%  12MB/s
omnigen2_fp16.safetensors DONE bytes=7934384176 expected=7934384176 ok=True
--- qwen_2.5_vl_fp16.safetensors START 2026-06-26T20:14:32.1564649+03:00
qwen_2.5_vl_fp16.safetensors TOTAL 7509337224
qwen_2.5_vl_fp16.safetensors 1024MB / 7161MB  14.3%  16.4MB/s
qwen_2.5_vl_fp16.safetensors 2048MB / 7161MB  28.6%  16.5MB/s
qwen_2.5_vl_fp16.safetensors 3072MB / 7161MB  42.9%  16.7MB/s
qwen_2.5_vl_fp16.safetensors 4096MB / 7161MB  57.2%  16.6MB/s
qwen_2.5_vl_fp16.safetensors 5120MB / 7161MB  71.5%  16.8MB/s
qwen_2.5_vl_fp16.safetensors 6144MB / 7161MB  85.8%  17MB/s
qwen_2.5_vl_fp16.safetensors DONE bytes=7509337224 expected=7509337224 ok=True
ALL DONE 2026-06-26T20:21:33.0867727+03:00
