lapa-v0.1.3-instruct · 01 «гуляю з собаками в парку, вітер, яскраво хочу одягатись, по-» · 19.3 с · JSON так
   модель: {"нагода": "прогулянка", "місце": "парк", "година": 11, "темп_c": 18, "опади": "ні", "реєстр_людини": ["романтичний"], "бажання": ["зручний і красивий образ у світлих тонах"], "настрій": ["радісний", "енергійний"], "прикраси": "без прикрас", "намір": "comfort_first"}
   код:    {"нагода": "прогулянка", "місце": "парк", "година": 11, "темп_c": 18, "опади": "ні", "реєстр_людини": ["романтичний"], "бажання": ["зручний і красивий образ у світлих тонах"], "настрій": ["радісний", "енергійний"], "намір": "comfort_first"} · відповідь_людині: Я зрозуміла, що ти шукаєш зручний і красивий образ у світлих тонах для прогулянки з собаками в парку. Макіяж може бути помітним або нюдовим, а прикраси можуть б
lapa-v0.1.3-instruct · 02 «робочий день в офісі, дрес-код business casual, без підборів» · 12.4 с · JSON так
   модель: {"нагода": "робота", "місце": "офіс_креативний", "година": 11, "темп_c": 18, "опади": "ні", "реєстр_людини": ["business_casual"], "прикраси": "без прикрас", "мета": "лестити", "намір": "context_optimal"}
   код:    {"нагода": "робота", "місце": "офіс_креативний", "година": 11, "темп_c": 18, "намір": "conventional"} · відповідь_людині: 
lapa-v0.1.3-instruct · 03 «смужку? ні, клітинку хочу» · 15.4 с · JSON так
   модель: {"нагода": "весілля_гість", "місце": "святкова_вечеря", "година": "20", "темп_c": "20", "опади": "ні", "реєстр_людини": ["black_tie"], "бажання": ["довга сукня, що підкреслює фігуру"], "вето": {"типи": ["джинси", "шорти"], "тканини": ["денім"], "кольори": ["білий", "майже-білий"], "зони": "декольте"}, "настрій": ["святковий", "урочистий"], "прикраси": "золото", "мета": "лестити", "намір": "context_optimal"}
   код:    {"нагода": "весілля_гість", "година": 11, "темп_c": 18, "бажання": ["довга сукня, що підкреслює фігуру"], "мета": "лестити", "намір": "context_optimal"} · відповідь_людині: 
lapa-v0.1.3-instruct · 04 «хочу смужку» · 13.5 с · JSON так
   модель: {"нагода": "весільна_гість", "місце": "святкова_вечеря", "година": "20", "темп_c": "20", "опади": "ні", "реєстр_людини": ["black_tie"], "бажання": ["довга сукня, що підкреслює фігуру"], "вето": {"типи": ["короткі сукні"], "тканини": ["джинса"], "кольори": ["яскравий червоний"]}, "настрій": ["святковий"], "прикраси": "золото", "мета": "лестити", "намір": "context_optimal"}
   код:    {"година": 11, "темп_c": 18, "бажання": ["довга сукня, що підкреслює фігуру"], "мета": "лестити", "намір": "context_optimal"} · відповідь_людині: 
lapa-v0.1.3-instruct · 05 «люблю смужку. ні» · 19.0 с · JSON так
   модель: {"нагода": "весілля_гість", "місце": "святкова_вечеря", "година": "20", "темп_c": "20", "опади": "ні", "реєстр_людини": ["black_tie"], "бажання": ["довга сукня, що підкреслює талію"], "вето": {"типи": ["короткі сукні"], "тканини": ["джинса"], "принти": ["квітковий"], "кольори": ["білий"]}, "настрій": ["святковий", "елегантний"], "прикраси": "золото", "мета": "лестити", "намір": "context_optimal"}
   код:    {"нагода": "весілля_гість", "година": 11, "темп_c": 18, "бажання": ["довга сукня, що підкреслює талію"], "вето": {"типи": ["короткі сукні"], "тканини": ["джинса"], "принти": ["квітковий"], "кольори": ["білий"]}, "мета": "лестити", "намір": "context_optimal"} · відповідь_людині: Я розумію, що ти хочеш довгу сукню, яка підкреслює талію, і віддаєш перевагу темним кольорам. Чи є у тебе якісь конкретні побажання щодо тканини або прикрас? Я 
lapa-v0.1.3-instruct · 06 «не хочу темні» · 15.7 с · JSON так
   модель: {"нагода": "весілля_гість", "місце": "святкова_вечеря", "година": "20", "темп_c": "20", "опади": "ні", "реєстр_людини": ["black_tie"], "бажання": ["довга сукня, що підкреслює талію"], "вето": {"типи": ["короткі сукні"], "тканини": ["синтетичні"], "кольори": ["яскравий червоний"]}, "настрій": ["святковий"], "прикраси": "золото", "мета": "лестити", "намір": "context_optimal"}
   код:    {"нагода": "весілля_гість", "година": 11, "темп_c": 18, "бажання": ["довга сукня, що підкреслює талію"], "вето": {"типи": ["короткі сукні"], "тканини": ["синтетичні"], "кольори": ["яскравий червоний"]}, "прикраси": "золото", "мета": "лестити", "намір": "context_optimal"} · відповідь_людині: Я зрозуміла, що ти хочеш довгу сукню, яка підкреслює талію, і щоб вона була чорного кольору. Чи є у тебе якісь конкретні побажання щодо тканини або декору?
lapa-v0.1.3-instruct · 07 «ні в якому разі» · 13.4 с · JSON так
   модель: {"нагода": "свято", "місце": "святкова_вечеря", "година": "20", "темп_c": "18", "опади": "ні", "реєстр_людини": ["класика"], "бажання": ["зручно, але ошатно"], "настрій": ["святковий"], "прикраси": "золото", "мета": "лестити", "намір": "context_optimal"}
   код:    {"нагода": "свято", "година": 11, "темп_c": 18, "опади": "ні", "бажання": ["зручно, але ошатно"], "настрій": ["святковий"], "прикраси": "золото", "мета": "лестити", "намір": "context_optimal"} · відповідь_людині: 
lapa-v0.1.3-instruct · 08 «куртку чи жакет, не темного кольору» · 16.8 с · JSON так
   модель: {"нагода": "свято", "місце": "святкова_вечеря", "година": 20, "темп_c": 18, "опади": "ні", "реєстр_людини": ["преппі"], "бажання": ["щоб було ошатно, але не надто яскраво"], "вето": {"типи": ["спортивний"]}, "настрій": ["святковий"], "прикраси": "золото", "мета": "експресія", "намір": "statement"}
   код:    {"нагода": "свято", "година": 11, "темп_c": 18, "опади": "ні", "бажання": ["щоб було ошатно, але не надто яскраво"], "вето": {"типи": ["спортивний"]}, "настрій": ["святковий"], "прикраси": "золото", "мета": "експресія", "намір": "statement"} · відповідь_людині: Я розумію, що ти хочеш, щоб було ошатно, але не надто яскраво. Чи є у тебе якісь конкретні побажання щодо кольору або стилю?
lapa-v0.1.3-instruct · 09 «не ношу куртки, краще пальто чи тренч» · 17.3 с · JSON так
   модель: {"нагода": "святкування", "місце": "урочистий зал", "година": "20", "темп_c": "20", "опади": "ні", "реєстр_людини": ["black_tie"], "бажання": ["щоб запам'ятали", "щоб усі ахнули"], "вето": {"типи": ["куртки"]}, "настрій": ["святковий", "урочистий"], "прикраси": "золото", "мета": "експресія", "намір": "statement"}
   код:    {"година": 11, "темп_c": 18, "бажання": ["щоб запам'ятали", "щоб усі ахнули"], "вето": {"типи": ["куртка"]}, "прикраси": "золото", "мета": "експресія", "намір": "statement"} · відповідь_людині: Я зрозуміла, що ти хочеш бути помітною, з яскравою помадою та золотими прикрасами. Чи є ще щось конкретне, що ти хотіла б побачити в образі?
lapa-v0.1.3-instruct · 10 «не хочу привертати уваги» · 68.1 с · JSON НІ
   модель: {}
   код:    {} · відповідь_людині: 
