lapa-v0.1.3-instruct · 01 «гуляю з собаками в парку, вітер, яскраво хочу одягатись, по-» · 15.0 с · JSON так
   модель: {"нагода": "прогулянка", "місце": "парк", "година": "11", "темп_c": "18", "опади": "ні", "реєстр_людини": ["романтичний"], "бажання": ["зручний, але по-дівчачому ніжний образ"], "настрій": ["яскравий", "зручний"], "прикраси": "без прикрас", "намір": "comfort_first"}
   код:    {"нагода": "прогулянка", "місце": "парк", "година": 11, "темп_c": 18, "опади": "ні", "реєстр_людини": ["романтичний"], "бажання": ["зручний, але по-дівчачому ніжний образ"], "настрій": ["яскравий", "зручний"], "намір": "comfort_first"} · відповідь_людині: Я зрозуміла, що ти хочеш зручний, але по-дівчачому ніжний образ у світлих тонах. Чи хочеш ти сьогодні бути помітною, чи буде яскрава помада і які прикраси любиш
lapa-v0.1.3-instruct · 02 «робочий день в офісі, дрес-код business casual, без підборів» · 9.9 с · JSON так
   модель: {"нагода": "робота", "місце": "офіс_креативний", "година": 11, "темп_c": 18, "опади": "ні", "реєстр_людини": ["business_casual"], "прикраси": "без прикрас", "мета": "лестити", "намір": "context_optimal"}
   код:    {"нагода": "робота", "місце": "офіс_креативний", "година": 11, "темп_c": 18, "прикраси": "без прикрас", "мета": "лестити", "намір": "context_optimal"} · відповідь_людині: 
lapa-v0.1.3-instruct · 03 «смужку? ні, клітинку хочу» · 14.6 с · JSON так
   модель: {"нагода": "свято", "місце": "урочистий зал", "година": 19, "темп_c": 20, "опади": "ні", "реєстр_людини": ["класика"], "бажання": ["щоб личило", "хочу подобатись"], "настрій": ["святковий"], "прикраси": "золото", "мета": "лестити", "намір": "context_optimal"}
   код:    {"нагода": "свято", "година": 11, "темп_c": 18, "бажання": ["щоб личило", "хочу подобатись"], "прикраси": "золото", "мета": "лестити", "намір": "context_optimal"} · відповідь_людині: Я зрозуміла, що ти хочеш бути помітною, з яскравою помадою та золотими прикрасами. Чи є ще щось конкретне, що ти хотіла б побачити в образі?
lapa-v0.1.3-instruct · 04 «хочу смужку» · 15.1 с · JSON так
   модель: {"нагода": "свято", "місце": "святкова_вечеря", "година": 19, "темп_c": 20, "опади": "ні", "реєстр_людини": ["преппі"], "бажання": ["щоб було яскраво, але не надто"], "вето": {"кольори": ["чорний", "білий"]}, "настрій": ["святковий", "піднесений"], "прикраси": "золото", "мета": "експресія", "намір": "statement"}
   код:    {"нагода": "свято", "година": 11, "темп_c": 18, "бажання": ["щоб було яскраво, але не надто"], "вето": {"кольори": ["білий", "чорний"]}, "мета": "експресія", "намір": "statement"} · відповідь_людині: Я зрозуміла, що ти хочеш яскравий макіяж і золоті прикраси. Чи є ще щось конкретне, що ти хотіла б побачити в образі?
lapa-v0.1.3-instruct · 05 «люблю смужку. ні» · 15.3 с · JSON так
   модель: {"нагода": "святкування", "місце": "урочистий зал", "година": "20", "темп_c": "20", "опади": "ні", "реєстр_людини": ["black_tie"], "бажання": ["щоб запам'ятали", "щоб усі ахннули"], "настрій": ["святковий", "урочистий"], "прикраси": "золото", "мета": "експресія", "намір": "statement"}
   код:    {"година": 11, "темп_c": 18, "бажання": ["щоб запам'ятали", "щоб усі ахннули"], "мета": "експресія", "намір": "statement"} · відповідь_людині: Я зрозуміла, що ти хочеш виглядати святково та урочисто на весіллі. Макіяж може бути яскравим, а прикраси – золотими. Якщо є ще якісь побажання, будь ласка, ска
lapa-v0.1.3-instruct · 06 «не хочу темні» · 13.5 с · JSON так
   модель: {"нагода": "святкування", "місце": "урочистий зал", "година": "20", "темп_c": "20", "опади": "ні", "реєстр_людини": ["black_tie"], "бажання": ["довга сукня, що підкреслює фігуру"], "вето": {"кольори": ["білий", "майже-білий"]}, "настрій": ["радісний", "урочистий"], "прикраси": "золото", "мета": "лестити", "намір": "context_optimal"}
   код:    {"година": 11, "темп_c": 18, "бажання": ["довга сукня, що підкреслює фігуру"], "мета": "лестити", "намір": "context_optimal"} · відповідь_людині: 
lapa-v0.1.3-instruct · 07 «ні в якому разі» · 12.9 с · JSON так
   модель: {"нагода": "весілля_гість", "місце": "святкова_вечеря", "година": "20", "темп_c": "20", "опади": "ні", "реєстр_людини": ["black_tie"], "бажання": ["довга сукня, що підкреслює фігуру"], "вето": {"типи": ["джинси", "шорти"], "тканини": ["денім"], "кольори": ["білий", "майже-білий"], "зони": "декольте"}, "настрій": ["святковий", "урочистий"], "прикраси": "золото", "мета": "лестити", "намір": "context_optimal"}
   код:    {"нагода": "весілля_гість", "година": 11, "темп_c": 18, "бажання": ["довга сукня, що підкреслює фігуру"], "мета": "лестити", "намір": "context_optimal"} · відповідь_людині: 
lapa-v0.1.3-instruct · 08 «куртку чи жакет, не темного кольору» · 11.3 с · JSON так
   модель: {"нагода": "свято", "місце": "святкова_вечеря", "година": 19, "темп_c": 20, "опади": "ні", "реєстр_людини": ["преппі"], "бажання": ["щоб було по-дівчачому, ніжно"], "вето": {"кольори": ["темний"]}, "настрій": ["святковий"], "прикраси": "золото", "мета": "експресія", "намір": "statement"}
   код:    {"нагода": "свято", "година": 11, "темп_c": 18, "бажання": ["щоб було по-дівчачому, ніжно"], "мета": "експресія", "намір": "statement"} · відповідь_людині: 
lapa-v0.1.3-instruct · 09 «не ношу куртки, краще пальто чи тренч» · 12.8 с · JSON так
   модель: {"нагода": "весілля_гість", "місце": "святкова_вечеря", "година": "20", "темп_c": "20", "опади": "ні", "реєстр_людини": ["black_tie"], "бажання": ["довга сукня, що підкреслює фігуру"], "вето": {"типи": ["джинси", "шорти"], "тканини": ["денім"], "кольори": ["білий", "майже-білий"], "зони": "декольте"}, "настрій": ["святковий", "урочистий"], "прикраси": "золото", "мета": "лестити", "намір": "context_optimal"}
   код:    {"нагода": "весілля_гість", "година": 11, "темп_c": 18, "бажання": ["довга сукня, що підкреслює фігуру"], "вето": {"типи": ["куртка"]}, "мета": "лестити", "намір": "context_optimal"} · відповідь_людині: 
lapa-v0.1.3-instruct · 10 «не хочу привертати уваги» · 16.5 с · JSON так
   модель: {"нагода": "свято", "місце": "святкова_вечеря", "година": "20", "темп_c": "18", "опади": "ні", "реєстр_людини": ["класика"], "бажання": ["щоб не виділялася", "щоб було зручно"], "вето": {"типи": ["яскравий"], "тканини": ["синтетика"]}, "настрій": ["святковий"], "прикраси": "золото", "мета": "лестити", "намір": "context_optimal"}
   код:    {"нагода": "свято", "година": 11, "темп_c": 18, "бажання": ["щоб не виділялася", "щоб було зручно"], "вето": {"типи": ["яскравий"], "тканини": ["синтетика"]}, "прикраси": "золото", "мета": "лестити", "намір": "context_optimal"} · відповідь_людині: Я зрозуміла, що ти хочеш, щоб макіяж був помітним, і любиш золоті прикраси. Чи є ще щось, що ти хотіла б додати?
