mamaylm-gemma-3-12b-it-v2.0 · 01 «гуляю з собаками в парку, вітер, яскраво хочу одягатись, по-» · 13.2 с · JSON так
   модель: {"нагода": "прогулянка", "місце": "парк", "година": 12, "темп_c": 18, "реєстр_людини": ["романтичний"], "бажання": ["світлі джинси кльош", "по-дівчачому", "ніжно", "зручно"], "вето": {"кольори": ["темний"]}, "настрій": ["веселий", "сонячний"], "прикраси": "золото", "мета": "експресія", "намір": "comfort_first"}
   код:    {"нагода": "прогулянка", "місце": "парк", "година": 11, "темп_c": 18, "реєстр_людини": ["романтичний"], "бажання": ["світлі джинси кльош", "по-дівчачому", "ніжно", "зручно"], "вето": {"кольори": ["темний"]}, "настрій": ["веселий", "сонячний"], "прикраси": "золото", "мета": "експресія", "намір": "comfort_first"} · відповідь_людині: Зрозуміла! Збиратиму образ у романтичному стилі для прогулянки парком. Чекаю на відповіді щодо кольору джинсів та макіяжу.
mamaylm-gemma-3-12b-it-v2.0 · 02 «робочий день в офісі, дрес-код business casual, без підборів» · 12.0 с · JSON так
   модель: {"нагода": "робота", "місце": "офіс_креативний", "година": 9, "темп_c": 18, "реєстр_людини": ["романтичний"], "настрій": ["романтично"], "мета": "лестити", "намір": "context_optimal"}
   код:    {"нагода": "робота", "година": 11, "темп_c": 18, "настрій": ["романтично"], "мета": "лестити", "намір": "context_optimal"} · відповідь_людині: Офісний бізнес-кежуал виходить — пропоную романтичну блузку і ділову спідницю без підборів. Можеш сказати, який офіс у тебе?
mamaylm-gemma-3-12b-it-v2.0 · 03 «смужку? ні, клітинку хочу» · 12.2 с · JSON НІ
   модель: {}
   код:    {} · відповідь_людині: 
mamaylm-gemma-3-12b-it-v2.0 · 04 «хочу смужку» · 12.6 с · JSON так
   модель: {"година": 9, "темп_c": 18, "реєстр_людини": ["романтичний"], "бажання": ["смужку"]}
   код:    {"година": 11, "темп_c": 18, "бажання": ["смужку"], "намір": "conventional"} · відповідь_людині: Розумію, що ти хочеш романтичний образ зі смужкою та без підборів. Я розберуся з іншими деталями.
mamaylm-gemma-3-12b-it-v2.0 · 05 «люблю смужку. ні» · 18.4 с · JSON так
   модель: {"нагода": "щоденне", "місце": "дім", "година": "9", "темп_c": "18", "реєстр_людини": ["класика"], "бажання": ["комфорт", "смужка"], "настрій": ["спокійний", "зручний"], "прикраси": "етно", "мета": "приховати", "намір": "comfort_first"}
   код:    {"нагода": "щоденне", "година": 11, "темп_c": 18, "бажання": ["комфорт", "смужка"], "настрій": ["спокійний", "зручний"], "прикраси": "етно", "мета": "приховати", "намір": "comfort_first"} · відповідь_людині: Я зрозуміла, що тобі потрібен комфортний і непомітний образ у класичному стилі з етнічними прикрасами. Підкажи будь ласка відповіді на мої питання – тоді я змож
mamaylm-gemma-3-12b-it-v2.0 · 06 «не хочу темні» · 13.8 с · JSON НІ
   модель: {}
   код:    {} · відповідь_людині: 
mamaylm-gemma-3-12b-it-v2.0 · 07 «ні в якому разі» · 10.3 с · JSON так
   модель: {"нагода": "святкова_вечеря", "місце": "ресторан_районний", "година": 20, "темп_c": 18, "реєстр_людини": ["романтичний"], "настрій": ["веселий", "піднесений"], "прикраси": "перли", "мета": "експресія", "намір": "conventional"}
   код:    {"година": 11, "темп_c": 18, "настрій": ["веселий", "піднесений"], "прикраси": "перли", "мета": "експресія", "намір": "conventional"} · відповідь_людині: Зрозуміла, хочеш гарно виглядати на святковій вечері. Потрібно трохи більше деталей про формат зустрічі та опади.
mamaylm-gemma-3-12b-it-v2.0 · 08 «куртку чи жакет, не темного кольору» · 13.0 с · JSON так
   модель: {"година": 12, "темп_c": 18, "реєстр_людини": ["романтичний"], "бажання": ["куртку чи жакет, не темного кольору", "комфортну"], "вето": {"кольори": ["темні"]}, "настрій": ["неформальний", "по-дівчачому"], "прикраси": "без прикрас", "мета": "приховати", "намір": "comfort_first"}
   код:    {"година": 11, "темп_c": 18, "бажання": ["куртку чи жакет, не темного кольору", "комфортну"], "вето": {"кольори": ["темні"]}, "настрій": ["неформальний", "по-дівчачому"], "прикраси": "без прикрас", "мета": "приховати", "намір": "comfort_first"} · відповідь_людині: Зрозуміла! Тобі потрібна куртка чи жакет світлого кольору для прогулянки. Додай трошки деталей про нагоду або місце, і я зможу ще краще підібрати образ.
mamaylm-gemma-3-12b-it-v2.0 · 09 «не ношу куртки, краще пальто чи тренч» · 12.0 с · JSON так
   модель: {"нагода": "весілля_денне", "місце": "урочистий зал", "година": 13, "темп_c": 18, "реєстр_людини": ["класика"], "вето": {"принти": ["яскравий"]}, "настрій": ["радісний", "урочистий"], "прикраси": "золото", "мета": "лестити", "намір": "context_optimal"}
   код:    {"нагода": "весілля_денне", "година": 11, "темп_c": 18, "вето": {"типи": ["куртка"], "принти": ["яскравий"]}, "настрій": ["радісний", "урочистий"], "прикраси": "золото", "мета": "лестити", "намір": "context_optimal"} · відповідь_людині: Окей! Дрес-коду «semi-formal» відповідає весільна сукня в підлогу або до коліна, а ще можна погратися з фактурою тканини і аксесуарами.
mamaylm-gemma-3-12b-it-v2.0 · 10 «не хочу привертати уваги» · 11.6 с · JSON так
   модель: {"година": 9, "темп_c": 18, "реєстр_людини": ["романтичний"], "настрій": ["спокійний", "непомітний"], "мета": "приховати", "намір": "comfort_first"}
   код:    {"година": 11, "темп_c": 18, "настрій": ["спокійний", "непомітний"], "мета": "приховати", "намір": "comfort_first"} · відповідь_людині: Зрозуміла, що ти хочеш почувати себе вільно і не привертати уваги. Дай знати, якщо є якісь особливі побажання щодо нагоди чи одягу.
