mamaylm-gemma-3-12b-it-v2.0 · 01 «гуляю з собаками в парку, вітер, яскраво хочу одягатись, по-» · 10.5 с · JSON так
   модель: {"нагода": "прогулянка", "місце": "парк", "година": 13, "темп_c": 18, "реєстр_людини": ["романтичний"], "бажання": ["комфортний одяг", "світлі тони"], "вето": {"кольори": ["темні"]}, "настрій": ["легкий", "свіжий"], "прикраси": "без прикрас", "мета": "conventional", "намір": "comfort_first"}
   код:    {"нагода": "прогулянка", "місце": "парк", "година": 11, "темп_c": 18, "реєстр_людини": ["романтичний"], "бажання": ["комфортний одяг", "світлі тони"], "вето": {"кольори": ["темні"]}, "настрій": ["легкий", "свіжий"], "намір": "comfort_first"} · відповідь_людині: Зрозуміло, тобі потрібен зручний та світлий образ. Що скажеш про вечірній макіяж? Можливо, яскравий колір на губах додасть настрою?
mamaylm-gemma-3-12b-it-v2.0 · 02 «робочий день в офісі, дрес-код business casual, без підборів» · 11.5 с · JSON так
   модель: {"година": 13, "темп_c": 18, "реєстр_людини": ["класика"], "бажання": ["без підборів"], "настрій": ["спокійний", "практичний"], "прикраси": "золото", "намір": "comfort_first"}
   код:    {"година": 11, "темп_c": 18, "бажання": ["без підборів"], "настрій": ["спокійний", "практичний"], "прикраси": "золото", "намір": "comfort_first"} · відповідь_людині: Зрозуміла, що ти шукаєш комфортний і класичний образ для ділового дня. Чи можеш розповісти більше про свої вподобання щодо кольорів чи прикрас?
mamaylm-gemma-3-12b-it-v2.0 · 03 «смужку? ні, клітинку хочу» · 1.8 с · JSON НІ
   модель: {}
   код:    {} · відповідь_людині: 
mamaylm-gemma-3-12b-it-v2.0 · 04 «хочу смужку» · 8.7 с · JSON так
   модель: {"година": 11, "темп_c": 18, "бажання": ["смужка"], "намір": "conventional"}
   код:    {"година": 11, "темп_c": 18, "бажання": ["смужка"], "намір": "conventional"} · відповідь_людині: Розумію, що хочеш смужку. Дай знати, будь ласка, на яку подію ти збираєшся і де плануєш бути.
mamaylm-gemma-3-12b-it-v2.0 · 05 «люблю смужку. ні» · 13.6 с · JSON так
   модель: {"година": 13, "темп_c": 18, "бажання": ["смужку"], "намір": "conventional"}
   код:    {"година": 11, "темп_c": 18, "бажання": ["смужку"], "намір": "conventional"} · відповідь_людині: Зрозуміла. Оскільки смужка вам подобається, я можу запропонувати кілька ідей для вашого образу.
mamaylm-gemma-3-12b-it-v2.0 · 06 «не хочу темні» · 10.5 с · JSON так
   модель: {"нагода": "прогулянка", "місце": "парк", "година": 13, "темп_c": 18, "реєстр_людини": ["романтичний"], "вето": {"кольори": ["темні"]}, "намір": "comfort_first"}
   код:    {"нагода": "прогулянка", "година": 11, "темп_c": 18, "вето": {"кольори": ["темні"]}, "намір": "comfort_first"} · відповідь_людині: Тож прогулянка вдень у теплому парку – супер! Обираємо комфорт і романтичність. Ти хотіла б щось конкретно додати про бажання чи вето, на випадок якщо я не все 
mamaylm-gemma-3-12b-it-v2.0 · 07 «ні в якому разі» · 9.2 с · JSON так
   модель: {"місце": "кафе", "година": 11, "темп_c": 18.0, "опади": "ні", "реєстр_людини": ["романтичний"], "вето": {"кольори": ["чорний"]}, "настрій": ["легкий", "радісний"], "прикраси": "золото", "намір": "comfort_first"}
   код:    {"година": 11, "темп_c": 18, "опади": "ні", "вето": {"кольори": ["чорний"]}, "настрій": ["легкий", "радісний"], "прикраси": "золото", "намір": "comfort_first"} · відповідь_людині: Добре зрозуміла! Буде легкий і радісний образ. Хочу запитати, який принт ти полюбляєш?
mamaylm-gemma-3-12b-it-v2.0 · 08 «куртку чи жакет, не темного кольору» · 10.7 с · JSON так
   модель: {"місце": "парк", "година": 13, "темп_c": 18, "реєстр_людини": ["класика"], "вето": {"типи": ["без підборів"], "кольори": ["темні"]}, "настрій": ["по-дівчачому", "нежно"], "прикраси": "золото", "намір": "comfort_first"}
   код:    {"година": 11, "темп_c": 18, "вето": {"типи": ["без підборів"], "кольори": ["темні"]}, "настрій": ["по-дівчачому", "нежно"], "прикраси": "золото", "намір": "comfort_first"} · відповідь_людині: Зрозуміла, що хочеш погуляти і бажано в куртці або жакеті не темного кольору. Поки я зберу варіанти з класичним стилем та золотом — просто скажи мені де плануєш
mamaylm-gemma-3-12b-it-v2.0 · 09 «не ношу куртки, краще пальто чи тренч» · 11.2 с · JSON так
   модель: {"нагода": "звичайний день", "година": 13, "темп_c": 18, "реєстр_людини": ["романтичний"], "бажання": ["по-дівчачому", "ніжно", "пальто чи тренч замість куртки"], "вето": {"типи": ["підбори"]}, "настрій": ["легкість", "комфорт"], "прикраси": "без прикрас", "мета": "лестити", "намір": "comfort_first"}
   код:    {"нагода": "щоденне", "година": 11, "темп_c": 18, "бажання": ["по-дівчачому", "ніжно", "пальто чи тренч замість куртки"], "вето": {"типи": ["куртка", "підбори"]}, "настрій": ["легкість", "комфорт"], "мета": "лестити", "намір": "comfort_first"} · відповідь_людині: Зрозуміла, що тобі хочеться почуватися комфортно протягом дня. Чи можеш поділитися деталями про місце та формат події?
mamaylm-gemma-3-12b-it-v2.0 · 10 «не хочу привертати уваги» · 11.3 с · JSON так
   модель: {"година": 13, "темп_c": 18, "реєстр_людини": ["романтичний"], "бажання": ["зручний одяг, який не сковуватиме рухів"], "вето": {"кольори": ["яскравих кольорів"]}, "настрій": ["спокійний", "розслаблений"], "прикраси": "без прикрас", "мета": "приховати", "намір": "comfort_first"}
   код:    {"година": 11, "темп_c": 18, "бажання": ["зручний одяг, який не сковуватиме рухів"], "вето": {"кольори": ["яскравих кольорів"]}, "настрій": ["спокійний", "розслаблений"], "мета": "приховати", "намір": "comfort_first"} · відповідь_людині: Розумію, тобі потрібен зручний та простий варіант для денної прогулянки. Будь ласка, дай знати про додаткові побажання або обмеження.
